Microchip Technology Inc, v2.10 (B)

Tool Name:
  c:\program files\microchip\xc16\v2.10\bin\bin\..\bin/elf-ld.exe

Command:
  -p24FJ64GA002 \
  --mdfp=C:/Program Files/Microchip/MPLABX/v6.25/packs/Microchip/PIC24F-GA-GB_DFP/1.10.375/xc16 \
  -o \
  dist/default/production/JAHM144LPP25.X.production.elf \
  -Lc:/program files/microchip/xc16/v2.10/bin/bin/.. \
  -LC:/Program Files/Microchip/MPLABX/v6.25/packs/Microchip/PIC24F-GA-GB_DFP/1.10.375/xc16/bin/../support/PIC24F/gld \
  -Lc:/program files/microchip/xc16/v2.10/bin/bin/../../lib \
  -Lc:/program files/microchip/xc16/v2.10/bin/bin/../../support/PIC24E/gld \
  -Lc:/program files/microchip/xc16/v2.10/bin/bin/../../support/PIC24F/gld \
  -Lc:/program files/microchip/xc16/v2.10/bin/bin/../../support/PIC24H/gld \
  -Lc:/program files/microchip/xc16/v2.10/bin/bin/../../support/dsPIC30F/gld \
  -Lc:/program files/microchip/xc16/v2.10/bin/bin/../../support/dsPIC33C/gld \
  -Lc:/program files/microchip/xc16/v2.10/bin/bin/../../support/dsPIC33E/gld \
  -Lc:/program files/microchip/xc16/v2.10/bin/bin/../../support/dsPIC33F/gld \
  build/default/production/BNO085.o \
  build/default/production/queue.o \
  build/default/production/I2CLib.o \
  build/default/production/core.o \
  build/default/production/lcd.o \
  build/default/production/PixelData.o \
  build/default/production/PositionCalculator.o \
  build/default/production/LED_144_Lib.o \
  --defsym=__MPLAB_BUILD=1 \
  -Tp24FJ64GA002.gld.00 \
  --stack=16 \
  --check-sections \
  --data-init \
  --pack-data \
  --handles \
  --isr \
  --no-gc-sections \
  --fill-upper=0 \
  --stackguard=16 \
  --no-force-link \
  --smart-io \
  -Map=dist/default/production/JAHM144LPP25.X.production.map \
  --report-mem \
  --memorysummary \
  dist/default/production/memoryfile.xml \
  -start-group \
  --library=c99-pic30-elf \
  --library=m-elf \
  --library=c99-elf \
  -end-group \


Optional library libpPIC24Fxxx.a not found
Archive member included because of file (symbol)

c:/program files/microchip/xc16/v2.10/bin/bin/../../lib\libc99-pic30-elf.a(crt0_standard.o)
                              (__resetPRI)
c:/program files/microchip/xc16/v2.10/bin/bin/../../lib\libc99-pic30-elf.a(data_init_standard.o)
                              c:/program files/microchip/xc16/v2.10/bin/bin/../../lib\libc99-pic30-elf.a(crt0_standard.o) (__data_init_standard)
c:/program files/microchip/xc16/v2.10/bin/bin/../../lib\libc99-pic30-elf.a(crt_start_mode_normal.Meo)
                              (__crt_start_mode_normal)
c:/program files/microchip/xc16/v2.10/bin/bin/../../lib\libc99-pic30-elf.a(feqltle.XX_o)
                              build/default/production/PositionCalculator.o (___ltsf2)
c:/program files/microchip/xc16/v2.10/bin/bin/../../lib\libc99-pic30-elf.a(fgtge.XX_o)
                              build/default/production/PositionCalculator.o (___gtsf2)
c:/program files/microchip/xc16/v2.10/bin/bin/../../lib\libc99-pic30-elf.a(fixunssfsi.XX_o)
                              build/default/production/PositionCalculator.o (___fixunssfsi)
c:/program files/microchip/xc16/v2.10/bin/bin/../../lib\libc99-pic30-elf.a(floatsisf.XX_o)
                              build/default/production/BNO085.o (___floatsisf)
c:/program files/microchip/xc16/v2.10/bin/bin/../../lib\libc99-pic30-elf.a(floatunsisf.XX_o)
                              build/default/production/BNO085.o (___floatunsisf)
c:/program files/microchip/xc16/v2.10/bin/bin/../../lib\libc99-pic30-elf.a(funpack.XX_o)
                              c:/program files/microchip/xc16/v2.10/bin/bin/../../lib\libc99-pic30-elf.a(fixunssfsi.XX_o) (__funpack)
c:/program files/microchip/xc16/v2.10/bin/bin/../../lib\libc99-pic30-elf.a(addsf3x.XX_o)
                              build/default/production/PositionCalculator.o (___subsf3)
c:/program files/microchip/xc16/v2.10/bin/bin/../../lib\libc99-pic30-elf.a(divsf3x.XX_o)
                              build/default/production/BNO085.o (___divsf3)
c:/program files/microchip/xc16/v2.10/bin/bin/../../lib\libc99-pic30-elf.a(mulsf3x.XX_o)
                              build/default/production/BNO085.o (___mulsf3)
c:/program files/microchip/xc16/v2.10/bin/bin/../../lib\libc99-pic30-elf.a(dnrmpackfx.XX_o)
                              c:/program files/microchip/xc16/v2.10/bin/bin/../../lib\libc99-pic30-elf.a(addsf3x.XX_o) (__dnrmpackf)
c:/program files/microchip/xc16/v2.10/bin/bin/../../lib\libc99-pic30-elf.a(unpackdnrmfx.XX_o)
                              c:/program files/microchip/xc16/v2.10/bin/bin/../../lib\libc99-pic30-elf.a(mulsf3x.XX_o) (__unpackdnrmf)
c:/program files/microchip/xc16/v2.10/bin/bin/../../lib\libc99-pic30-elf.a(typefx.XX_o)
                              c:/program files/microchip/xc16/v2.10/bin/bin/../../lib\libc99-pic30-elf.a(addsf3x.XX_o) (__typef)
c:/program files/microchip/xc16/v2.10/bin/bin/../../lib\libc99-pic30-elf.a(propnanfx.XX_o)
[...]
Memory Configuration

Name             Origin             Length             Attributes
data             0x000800           0x002000           a !xr
reset            0x000000           0x000004  
ivt              0x000004           0x0000fc  
_reserved        0x000100           0x000004  
aivt             0x000104           0x0000fc  
program          0x000200           0x00a9fc           xr
CONFIG2          0x00abfc           0x000002  
CONFIG1          0x00abfe           0x000002  
*default*        0x000000           0xffffffff  

Linker script and memory map

LOAD build/default/production/BNO085.o
LOAD build/default/production/queue.o
LOAD build/default/production/I2CLib.o
LOAD build/default/production/core.o
LOAD build/default/production/lcd.o
LOAD build/default/production/PixelData.o
LOAD build/default/production/PositionCalculator.o
LOAD build/default/production/LED_144_Lib.o
                    0x0001                  __MPLAB_BUILD = 0x1
LOAD pPIC24Fxxx
LOAD c:/program files/microchip/xc16/v2.10/bin/bin/../../lib\libfx-elf.a
                    0xabfc                  __CONFIG2 = 0xabfc
                    0xabfe                  __CONFIG1 = 0xabfe
                    0x0001                  __NO_HANDLES = 0x1
                    0x0200                  __CODE_BASE = 0x200
                    0xa9fc                  __CODE_LENGTH = 0xa9fc
                    0x0004                  __IVT_BASE = 0x4
                    0x0104                  __AIVT_BASE = 0x104
                    0x0800                  __DATA_BASE = 0x800
                    0x2000                  __DATA_LENGTH = 0x2000

.reset            0x000000          0x4
                  0x000000          0x2 SHORT 0x200 ABSOLUTE (__reset)
                  0x000001          0x2 SHORT 0x4
                  0x000002          0x2 SHORT 0x0 ((ABSOLUTE (__reset) >> 0x10) & 0x7f)
                  0x000003          0x2 SHORT 0x0

.text             0x000200       0x250a
 *(.init)
 .init            0x000200         0x4c c:/program files/microchip/xc16/v2.10/bin/bin/../../lib\libc99-pic30-elf.a(crt0_standard.o)
                  0x000200                  __resetPRI
                  0x000200                  __reset
                  0x00023c                  __psv_init
 .init            0x00024c         0x7c c:/program files/microchip/xc16/v2.10/bin/bin/../../lib\libc99-pic30-elf.a(data_init_standard.o)
                  0x000252                  __data_init_standard
                  0x000252                  __data_init
 *(.user_init)
 *(.handle)
 *(.isr*)
 .isr.text        0x0002cc         0x64 build/default/production/BNO085.o
                  0x0002cc                  __T1Interrupt
                  0x00030a                  __INT0Interrupt
 .isr.text        0x000330         0x32 build/default/production/I2CLib.o
                  0x000330                  __MI2C1Interrupt
 .isr.text        0x000362        0x14e build/default/production/PixelData.o
                  0x000362                  __T2Interrupt
 .isr             0x0004b0          0x4 default_isr
                  0x0004b0                  __DefaultInterrupt
 *(.libc)
 *(.libm)
 *(.libdsp)
 *(.lib*)
 .libpic30_crt_start_mode
                  0x0004b4          0x2 c:/program files/microchip/xc16/v2.10/bin/bin/../../lib\libc99-pic30-elf.a(crt_start_mode_normal.Meo)
                  0x0004b4                  __crt_start_mode
                  0x0004b4                  __crt_start_mode_normal
 .libm.eqsf2      0x0004b6          0x4 c:/program files/microchip/xc16/v2.10/bin/bin/../../lib\libc99-pic30-elf.a(feqltle.XX_o)
                  0x0004b6                  ___eqsf2
                  0x0004b6                  ___ltsf2
                  0x0004b6                  ___lesf2
 .libm.gtsf2      0x0004ba          0x4 c:/program files/microchip/xc16/v2.10/bin/bin/../../lib\libc99-pic30-elf.a(fgtge.XX_o)
                  0x0004ba                  ___gesf2
                  0x0004ba                  ___gtsf2
 .libm.fixunssfsi
                  0x0004be         0x36 c:/program files/microchip/xc16/v2.10/bin/bin/../../lib\libc99-pic30-elf.a(fixunssfsi.XX_o)
                  0x0004be                  ___fixunssfsi
 .libm.floatsisf
                  0x0004f4          0x6 c:/program files/microchip/xc16/v2.10/bin/bin/../../lib\libc99-pic30-elf.a(floatsisf.XX_o)
                  0x0004f4                  ___floatsisf
 .libm.floatunsisf
                  0x0004fa          0x4 c:/program files/microchip/xc16/v2.10/bin/bin/../../lib\libc99-pic30-elf.a(floatunsisf.XX_o)
                  0x0004fa                  ___floatunsisf
 .libm.funpack    0x0004fe         0x2a c:/program files/microchip/xc16/v2.10/bin/bin/../../lib\libc99-pic30-elf.a(funpack.XX_o)
                  0x0004fe                  __funpack
 .libmx           0x000528        0x1dc c:/program files/microchip/xc16/v2.10/bin/bin/../../lib\libc99-pic30-elf.a(addsf3x.XX_o)
                  0x000528                  ___subsf3x
                  0x000528                  ___subsf3
                  0x00053a                  ___addsf3x
                  0x00053a                  ___addsf3
 .libmx           0x000704        0x1be c:/program files/microchip/xc16/v2.10/bin/bin/../../lib\libc99-pic30-elf.a(divsf3x.XX_o)
                  0x000704                  ___divsf3x
                  0x000704                  ___divsf3
                  0x000896                  __sdivf
 .libmx           0x0008c2        0x10c c:/program files/microchip/xc16/v2.10/bin/bin/../../lib\libc99-pic30-elf.a(mulsf3x.XX_o)
                  0x0008c2                  ___mulsf3x
                  0x0008c2                  ___mulsf3
 .libmx           0x0009ce         0x54 c:/program files/microchip/xc16/v2.10/bin/bin/../../lib\libc99-pic30-elf.a(dnrmpackfx.XX_o)
                  0x0009ce                  __dnrmpackf
 .libmx           0x000a22         0x5e c:/program files/microchip/xc16/v2.10/bin/bin/../../lib\libc99-pic30-elf.a(unpackdnrmfx.XX_o)
                  0x000a22                  __unpackdnrmf
 .libmx           0x000a80         0x34 c:/program files/microchip/xc16/v2.10/bin/bin/../../lib\libc99-pic30-elf.a(typefx.XX_o)
                  0x000a80                  __typef
 .libmx           0x000ab4         0x12 c:/program files/microchip/xc16/v2.10/bin/bin/../../lib\libc99-pic30-elf.a(propnanfx.XX_o)
                  0x000ab4                  __propnanf
 .libmx           0x000ac6         0xa6 c:/program files/microchip/xc16/v2.10/bin/bin/../../lib\libc99-pic30-elf.a(spackfx.XX_o)
                  0x000ac6                  __spackf
 .libmx           0x000b6c         0x66 c:/program files/microchip/xc16/v2.10/bin/bin/../../lib\libc99-pic30-elf.a(unpackfx.XX_o)
                  0x000b6c                  __unpackf
 .libm.fcompare
                  0x000bd2         0x36 c:/program files/microchip/xc16/v2.10/bin/bin/../../lib\libc99-pic30-elf.a(fcompare.XX_o)
                  0x000bd2                  __fcompare
 .libm.floatdisf
                  0x000c08         0x20 c:/program files/microchip/xc16/v2.10/bin/bin/../../lib\libc99-pic30-elf.a(floatdisf.XX_o)
                  0x000c08                  ___floatdisf
 .libm.floatundisf
                  0x000c28         0x5e c:/program files/microchip/xc16/v2.10/bin/bin/../../lib\libc99-pic30-elf.a(floatundisf.XX_o)
                  0x000c28                  ___floatundisf
 .libm.fpack      0x000c86         0x4c c:/program files/microchip/xc16/v2.10/bin/bin/../../lib\libc99-pic30-elf.a(fpack.XX_o)
                  0x000c86                  __fpack
 .libm.funpack2
                  0x000cd2         0x10 c:/program files/microchip/xc16/v2.10/bin/bin/../../lib\libc99-pic30-elf.a(funpack2.XX_o)
                  0x000cd2                  __funpack2
 .libc.__wrap_sprintf
                  0x000ce2          0xc c:/program files/microchip/xc16/v2.10/bin/bin/../../lib\libc99-elf.a(__sio_sprintf_dfoux.XX_o)
                  0x000ce2                  __dsprintf_cdeEgGnopuxX
                  0x000ce2                  __sprintf_cdeEgGnopuxX
                  0x000ce2                  __sprintf_cdfFnopuxX
                  0x000ce2                  __dsprintf_cdgGnopuxX
                  0x000ce2                  __dsprintf_cdeEfFnopuxX
                  0x000ce2                  __dsprintf_cdeEfFgGnopuxX
                  0x000ce2                  __dsprintf_cdeEnopuxX
                  0x000ce2                  __sprintf_cdeEnopuxX
                  0x000ce2                  __dsprintf_cdfFgGnopuxX
                  0x000ce2                  __sprintf_cdfFgGnopuxX
                  0x000ce2                  __sprintf_cdeEfFgGnopuxX
                  0x000ce2                  __dsprintf_cdfFnopuxX
                  0x000ce2                  __sprintf_cdgGnopuxX
                  0x000ce2                  __sprintf_cdeEfFnopuxX
 .libc.__sio_sprintf_dfoux
                  0x000cee         0x12 c:/program files/microchip/xc16/v2.10/bin/bin/../../lib\libc99-elf.a(__sio_sprintf_dfoux.XX_o)
                  0x000cee                  ___sio_sprintf_dfoux
 .libc.srand      0x000d00          0xa c:/program files/microchip/xc16/v2.10/bin/bin/../../lib\libc99-elf.a(rand.XX_o)
                  0x000d00                  _srand
 .libc.rand       0x000d0a         0x18 c:/program files/microchip/xc16/v2.10/bin/bin/../../lib\libc99-elf.a(rand.XX_o)
                  0x000d0a                  _rand
 .libc.__fmt_d    0x000d22         0xb2 c:/program files/microchip/xc16/v2.10/bin/bin/../../lib\libc99-elf.a(__fmt_d.XX_o)
                  0x000d22                  ___fmt_d
                  0x000d22                  ___fmt_d_needed
 .libc.__LONG_DOUBLE_BITS
                  0x000dd4          0x2 c:/program files/microchip/xc16/v2.10/bin/bin/../../lib\libc99-elf.a(__fmt_fp.XX_o)
 .libc.__fmt_fp
                  0x000dd6        0x5b6 c:/program files/microchip/xc16/v2.10/bin/bin/../../lib\libc99-elf.a(__fmt_fp.XX_o)
                  0x000dd6                  ___fmt_f_needed
                  0x000dd6                  ___fmt_fp
 .libc.__fmt_o    0x00138c         0x6a c:/program files/microchip/xc16/v2.10/bin/bin/../../lib\libc99-elf.a(__fmt_o.XX_o)
                  0x00138c                  ___fmt_o
                  0x00138c                  ___fmt_o_needed
 .libc.__fmt_s    0x0013f6         0x54 c:/program files/microchip/xc16/v2.10/bin/bin/../../lib\libc99-elf.a(__fmt_s.XX_o)
                  0x0013f6                  ___fmt_0_needed
                  0x0013f6                  ___fmt_s_needed
                  0x0013f6                  ___fmt_s
 .libc.__cvt_u    0x00144a         0xa6 c:/program files/microchip/xc16/v2.10/bin/bin/../../lib\libc99-elf.a(__fmt_u.XX_o)
                  0x00144a                  ___cvt_u
 .libc.__fmt_u    0x0014f0         0x52 c:/program files/microchip/xc16/v2.10/bin/bin/../../lib\libc99-elf.a(__fmt_u.XX_o)
                  0x0014f0                  ___fmt_u
                  0x0014f0                  ___fmt_u_needed
 .libc.__fmt_x    0x001542        0x14a c:/program files/microchip/xc16/v2.10/bin/bin/../../lib\libc99-elf.a(__fmt_x.XX_o)
                  0x001542                  ___fmt_x_needed
                  0x001542                  ___fmt_x
 .libc.__vsprintf
                  0x00168c          0x8 c:/program files/microchip/xc16/v2.10/bin/bin/../../lib\libc99-elf.a(__int_vsprintf.XX_o)
                  0x00168c                  ___vsprintf
 .libc.__pop_float
                  0x001694         0x3e c:/program files/microchip/xc16/v2.10/bin/bin/../../lib\libc99-elf.a(__pop_float.XX_o)
                  0x001694                  ___pop_float
                  0x001694                  ___pop_float_needed
 .libc.__pop_int
                  0x0016d2         0xa8 c:/program files/microchip/xc16/v2.10/bin/bin/../../lib\libc99-elf.a(__pop_int.XX_o)
                  0x0016d2                  ___pop_int
                  0x0016d2                  ___pop_int_needed
 .libc.__pop_ptr
                  0x00177a         0x70 c:/program files/microchip/xc16/v2.10/bin/bin/../../lib\libc99-elf.a(__pop_ptr.XX_o)
                  0x00177a                  ___pop_ptr_needed
                  0x00177a                  ___pop_ptr
 .libc.__string_out
                  0x0017ea         0x26 c:/program files/microchip/xc16/v2.10/bin/bin/../../lib\libc99-elf.a(__printf_core.XX_o)
                  0x0017ea                  ___out
 .libc.__pad      0x001810         0x74 c:/program files/microchip/xc16/v2.10/bin/bin/../../lib\libc99-elf.a(__printf_core.XX_o)
                  0x001810                  ___pad
 .libc.__dummy_fmt3
                  0x001884          0x2 c:/program files/microchip/xc16/v2.10/bin/bin/../../lib\libc99-elf.a(__printf_core.XX_o)
 .libc.__dummy_fmt4
                  0x001886          0x2 c:/program files/microchip/xc16/v2.10/bin/bin/../../lib\libc99-elf.a(__printf_core.XX_o)
                  0x001886                  ___fmt_a
 .libc.__dummy_fmts
                  0x001888          0x2 c:/program files/microchip/xc16/v2.10/bin/bin/../../lib\libc99-elf.a(__printf_core.XX_o)
 .libc.__fmt_state
                  0x00188a         0x2c c:/program files/microchip/xc16/v2.10/bin/bin/../../lib\libc99-elf.a(__printf_core.XX_o)
                  0x00188a                  ___fmt_state
 .libc.vfpfcnvrt.clone.0
                  0x0018b6        0x2d8 c:/program files/microchip/xc16/v2.10/bin/bin/../../lib\libc99-elf.a(__printf_core.XX_o)
 .libc.__printf_core
                  0x001b8e         0x40 c:/program files/microchip/xc16/v2.10/bin/bin/../../lib\libc99-elf.a(__printf_core.XX_o)
                  0x001b8e                  ___printf_core
 .libc.__isspace
                  0x001bce         0x14 c:/program files/microchip/xc16/v2.10/bin/bin/../../lib\libc99-elf.a(atoi.XX_o)
 .libc.atoi       0x001be2         0x4c c:/program files/microchip/xc16/v2.10/bin/bin/../../lib\libc99-elf.a(atoi.XX_o)
                  0x001be2                  _atoi
 .libc.memcpy     0x001c2e          0xe c:/program files/microchip/xc16/v2.10/bin/bin/../../lib\libc99-elf.a(memcpy.XX_o)
                  0x001c2e                  _memcpy
 .libc.memset     0x001c3c         0xc8 c:/program files/microchip/xc16/v2.10/bin/bin/../../lib\libc99-elf.a(memset.XX_o)
                  0x001c3c                  _memset
 .libc.strcpy     0x001d04          0xe c:/program files/microchip/xc16/v2.10/bin/bin/../../lib\libc99-elf.a(strcpy.XX_o)
                  0x001d04                  _strcpy
 .libc.strlen     0x001d12         0x30 c:/program files/microchip/xc16/v2.10/bin/bin/../../lib\libc99-elf.a(strlen.XX_o)
                  0x001d12                  _strlen
 .libc.tolower    0x001d42          0xc c:/program files/microchip/xc16/v2.10/bin/bin/../../lib\libc99-elf.a(tolower.XX_o)
                  0x001d42                  _tolower
 .libc.__tolower_l
                  0x001d4e          0x2 c:/program files/microchip/xc16/v2.10/bin/bin/../../lib\libc99-elf.a(tolower.XX_o)
                  0x001d4e                  ___tolower_l
                  0x001d4e                  _tolower_l
 .libc.toupper    0x001d50          0xc c:/program files/microchip/xc16/v2.10/bin/bin/../../lib\libc99-elf.a(toupper.XX_o)
                  0x001d50                  _toupper
 .libc.__toupper_l
                  0x001d5c          0x2 c:/program files/microchip/xc16/v2.10/bin/bin/../../lib\libc99-elf.a(toupper.XX_o)
                  0x001d5c                  ___toupper_l
                  0x001d5c                  _toupper_l
 .libc.__vsnprintf
                  0x001d5e         0x4a c:/program files/microchip/xc16/v2.10/bin/bin/../../lib\libc99-elf.a(__int_vsnprintf.XX_o)
                  0x001d5e                  ___vsnprintf
 .libc.__stpcpy
                  0x001da8         0x40 c:/program files/microchip/xc16/v2.10/bin/bin/../../lib\libc99-elf.a(stpcpy.XX_o)
                  0x001da8                  ___stpcpy
                  0x001da8                  _stpcpy
 .libc.__vfprintf
                  0x001de8         0x1c c:/program files/microchip/xc16/v2.10/bin/bin/../../lib\libc99-elf.a(__int_vfprintf.XX_o)
                  0x001de8                  ___vfprintf
 .libm.eqdf2      0x001e04          0xa c:/program files/microchip/xc16/v2.10/bin/bin/../../lib\libc99-pic30-elf.a(deqltle.XX_o)
                  0x001e04                  ___eqdf2
                  0x001e04                  ___ltdf2
                  0x001e04                  ___ledf2
 .libm.gtdf2      0x001e0e          0xa c:/program files/microchip/xc16/v2.10/bin/bin/../../lib\libc99-pic30-elf.a(dgtge.XX_o)
                  0x001e0e                  ___gtdf2
                  0x001e0e                  ___gedf2
 .libm.extendsfdf2
                  0x001e18         0x3e c:/program files/microchip/xc16/v2.10/bin/bin/../../lib\libc99-pic30-elf.a(extendsfdf.XX_o)
                  0x001e18                  ___extendsfdf2
 .libm.fixdfsi    0x001e56         0x58 c:/program files/microchip/xc16/v2.10/bin/bin/../../lib\libc99-pic30-elf.a(fixdfsi.XX_o)
                  0x001e56                  _(float, int, long long, double, float, short, int)
 .libm.mulsi3     0x001eae          0xc c:/program files/microchip/xc16/v2.10/bin/bin/../../lib\libc99-pic30-elf.a(mulsi3.XX_o)
                  0x001eae                  ___mulp32peds3
                  0x001eae                  ___mulsi3
                  0x001eae                  ___mulp32eds3
 .lib_dpfops      0x001eba         0xa2 c:/program files/microchip/xc16/v2.10/bin/bin/../../lib\libc99-pic30-elf.a(dpadd.XX_o)
                  0x001eba                  ___subdf3
                  0x001ec6                  ___adddf3
 .lib_dpfops      0x001f5c        0x15e c:/program files/microchip/xc16/v2.10/bin/bin/../../lib\libc99-pic30-elf.a(dpdiv.XX_o)
                  0x001f5c                  ___divdf3
 .lib_dpfops      0x0020ba        0x11a c:/program files/microchip/xc16/v2.10/bin/bin/../../lib\libc99-pic30-elf.a(dpmul.XX_o)
                  0x0020ba                  ___muldf3
 .lib_dpfops      0x0021d4        0x128 c:/program files/microchip/xc16/v2.10/bin/bin/../../lib\libc99-pic30-elf.a(dpsubs.XX_o)
                  0x0021ee                  __dxchg
                  0x0021fc                  __drshft
                  0x002256                  __dupchk
                  0x0022b8                  __drndex
                  0x0022c2                  __dnsrnd
                  0x0022ee                  __dpakex
 .libm.__PplusBdi
                  0x0022fc         0x26 c:/program files/microchip/xc16/v2.10/bin/bin/../../lib\libc99-pic30-elf.a(divmoddi3.XX_o)
 .libm.__PminusBdi
                  0x002322         0x26 c:/program files/microchip/xc16/v2.10/bin/bin/../../lib\libc99-pic30-elf.a(divmoddi3.XX_o)
 .libm.__udivmoddi3
                  0x002348         0xe6 c:/program files/microchip/xc16/v2.10/bin/bin/../../lib\libc99-pic30-elf.a(divmoddi3.XX_o)
                  0x002348                  ___udivmoddi3
 .libm.__udivdi3
                  0x00242e          0xe c:/program files/microchip/xc16/v2.10/bin/bin/../../lib\libc99-pic30-elf.a(divmoddi3.XX_o)
                  0x00242e                  ___udivdi3
 .libm.__umoddi3
                  0x00243c          0x8 c:/program files/microchip/xc16/v2.10/bin/bin/../../lib\libc99-pic30-elf.a(divmoddi3.XX_o)
                  0x00243c                  ___umoddi3
 .libm.__divdi3
                  0x002444         0x60 c:/program files/microchip/xc16/v2.10/bin/bin/../../lib\libc99-pic30-elf.a(divmoddi3.XX_o)
                  0x002444                  ___divdi3
 .libm.__moddi3
                  0x0024a4         0x5c c:/program files/microchip/xc16/v2.10/bin/bin/../../lib\libc99-pic30-elf.a(divmoddi3.XX_o)
                  0x0024a4                  ___moddi3
 .libm.dcompare
                  0x002500         0x52 c:/program files/microchip/xc16/v2.10/bin/bin/../../lib\libc99-pic30-elf.a(dcompare.XX_o)
                  0x002500                  __dcompare
 .libm.dtype      0x002552         0x24 c:/program files/microchip/xc16/v2.10/bin/bin/../../lib\libc99-pic30-elf.a(dtype.XX_o)
                  0x002552                  __dtype
 .libm.dunpack    0x002576         0x4e c:/program files/microchip/xc16/v2.10/bin/bin/../../lib\libc99-pic30-elf.a(dunpack.XX_o)
                  0x002576                  __dunpack
 .libm.dunpack2
                  0x0025c4         0x32 c:/program files/microchip/xc16/v2.10/bin/bin/../../lib\libc99-pic30-elf.a(dunpack2.XX_o)
                  0x0025c4                  __dunpack2
                  0x0025e6                  __dreturnNaN
                  0x0025ec                  __dunpack2exit
 .libm.dPropagateNaN
                  0x0025f6         0x1c c:/program files/microchip/xc16/v2.10/bin/bin/../../lib\libc99-pic30-elf.a(dpropagateNaN.XX_o)
                  0x0025f6                  __dPropagateNaN
 .libc.floorl     0x002612         0xf8 c:/program files/microchip/xc16/v2.10/bin/bin/../../lib\libm-elf.a(floorl.XX_o)
                  0x002612                  _floorl

usercode
 *(usercode)

__CONFIG2
 *(__CONFIG2.sec*)

__CONFIG1
 *(__CONFIG1.sec*)

.comment
 *(.comment)

.debug_info       0x000000       0x6051
 *(.debug_info)
 .debug_info      0x000000       0x13fc build/default/production/BNO085.o
 .debug_info      0x0013fc        0x282 build/default/production/queue.o
 .debug_info      0x00167e       0x12c7 build/default/production/I2CLib.o
 .debug_info      0x002945        0x8aa build/default/production/core.o
 .debug_info      0x0031ef        0x705 build/default/production/lcd.o
 .debug_info      0x0038f4        0xd2b build/default/production/PixelData.o
 .debug_info      0x00461f        0x3e6 build/default/production/PositionCalculator.o
 .debug_info      0x004a05        0x274 build/default/production/LED_144_Lib.o
 .debug_info      0x004c79         0x8d c:/program files/microchip/xc16/v2.10/bin/bin/../../lib\libc99-pic30-elf.a(feqltle.XX_o)
 .debug_info      0x004d06         0x8b c:/program files/microchip/xc16/v2.10/bin/bin/../../lib\libc99-pic30-elf.a(fgtge.XX_o)
 .debug_info      0x004d91         0x90 c:/program files/microchip/xc16/v2.10/bin/bin/../../lib\libc99-pic30-elf.a(fixunssfsi.XX_o)
 .debug_info      0x004e21         0x8f c:/program files/microchip/xc16/v2.10/bin/bin/../../lib\libc99-pic30-elf.a(floatsisf.XX_o)
 .debug_info      0x004eb0         0x91 c:/program files/microchip/xc16/v2.10/bin/bin/../../lib\libc99-pic30-elf.a(floatunsisf.XX_o)
 .debug_info      0x004f41         0x8d c:/program files/microchip/xc16/v2.10/bin/bin/../../lib\libc99-pic30-elf.a(funpack.XX_o)
 .debug_info      0x004fce         0x9d c:/program files/microchip/xc16/v2.10/bin/bin/../../lib\libc99-pic30-elf.a(addsf3x.XX_o)
 .debug_info      0x00506b         0x9d c:/program files/microchip/xc16/v2.10/bin/bin/../../lib\libc99-pic30-elf.a(divsf3x.XX_o)
 .debug_info      0x005108         0x9d c:/program files/microchip/xc16/v2.10/bin/bin/../../lib\libc99-pic30-elf.a(mulsf3x.XX_o)
 .debug_info      0x0051a5         0xa0 c:/program files/microchip/xc16/v2.10/bin/bin/../../lib\libc99-pic30-elf.a(dnrmpackfx.XX_o)
 .debug_info      0x005245         0xa2 c:/program files/microchip/xc16/v2.10/bin/bin/../../lib\libc99-pic30-elf.a(unpackdnrmfx.XX_o)
 .debug_info      0x0052e7         0x9c c:/program files/microchip/xc16/v2.10/bin/bin/../../lib\libc99-pic30-elf.a(typefx.XX_o)
 .debug_info      0x005383         0x9f c:/program files/microchip/xc16/v2.10/bin/bin/../../lib\libc99-pic30-elf.a(propnanfx.XX_o)
 .debug_info      0x005422         0x9d c:/program files/microchip/xc16/v2.10/bin/bin/../../lib\libc99-pic30-elf.a(spackfx.XX_o)
 .debug_info      0x0054bf         0x9e c:/program files/microchip/xc16/v2.10/bin/bin/../../lib\libc99-pic30-elf.a(unpackfx.XX_o)
 .debug_info      0x00555d         0x8e c:/program files/microchip/xc16/v2.10/bin/bin/../../lib\libc99-pic30-elf.a(fcompare.XX_o)
 .debug_info      0x0055eb         0x8f c:/program files/microchip/xc16/v2.10/bin/bin/../../lib\libc99-pic30-elf.a(floatdisf.XX_o)
 .debug_info      0x00567a         0x91 c:/program files/microchip/xc16/v2.10/bin/bin/../../lib\libc99-pic30-elf.a(floatundisf.XX_o)
 .debug_info      0x00570b         0x8b c:/program files/microchip/xc16/v2.10/bin/bin/../../lib\libc99-pic30-elf.a(fpack.XX_o)
 .debug_info      0x005796         0x8e c:/program files/microchip/xc16/v2.10/bin/bin/../../lib\libc99-pic30-elf.a(funpack2.XX_o)
 .debug_info      0x005824         0x8d c:/program files/microchip/xc16/v2.10/bin/bin/../../lib\libc99-pic30-elf.a(deqltle.XX_o)
 .debug_info      0x0058b1         0x8b c:/program files/microchip/xc16/v2.10/bin/bin/../../lib\libc99-pic30-elf.a(dgtge.XX_o)
 .debug_info      0x00593c         0x90 c:/program files/microchip/xc16/v2.10/bin/bin/../../lib\libc99-pic30-elf.a(extendsfdf.XX_o)
 .debug_info      0x0059cc         0x8d c:/program files/microchip/xc16/v2.10/bin/bin/../../lib\libc99-pic30-elf.a(fixdfsi.XX_o)
 .debug_info      0x005a59         0x8c c:/program files/microchip/xc16/v2.10/bin/bin/../../lib\libc99-pic30-elf.a(mulsi3.XX_o)
 .debug_info      0x005ae5         0xa9 c:/program files/microchip/xc16/v2.10/bin/bin/../../lib\libc99-pic30-elf.a(dpadd.XX_o)
 .debug_info      0x005b8e         0xa9 c:/program files/microchip/xc16/v2.10/bin/bin/../../lib\libc99-pic30-elf.a(dpdiv.XX_o)
 .debug_info      0x005c37         0xa9 c:/program files/microchip/xc16/v2.10/bin/bin/../../lib\libc99-pic30-elf.a(dpmul.XX_o)
 .debug_info      0x005ce0         0xaa c:/program files/microchip/xc16/v2.10/bin/bin/../../lib\libc99-pic30-elf.a(dpsubs.XX_o)
 .debug_info      0x005d8a         0x8e c:/program files/microchip/xc16/v2.10/bin/bin/../../lib\libc99-pic30-elf.a(dcompare.XX_o)
 .debug_info      0x005e18         0x8b c:/program files/microchip/xc16/v2.10/bin/bin/../../lib\libc99-pic30-elf.a(dtype.XX_o)
 .debug_info      0x005ea3         0x8d c:/program files/microchip/xc16/v2.10/bin/bin/../../lib\libc99-pic30-elf.a(dunpack.XX_o)
 .debug_info      0x005f30         0x8e c:/program files/microchip/xc16/v2.10/bin/bin/../../lib\libc99-pic30-elf.a(dunpack2.XX_o)
 .debug_info      0x005fbe         0x93 c:/program files/microchip/xc16/v2.10/bin/bin/../../lib\libc99-pic30-elf.a(dpropagateNaN.XX_o)
 *(.gnu.linkonce.wi.*)

.debug_abbrev     0x000000        0xe53
 *(.debug_abbrev)
 .debug_abbrev    0x000000        0x29d build/default/production/BNO085.o
 .debug_abbrev    0x00029d         0xec build/default/production/queue.o
 .debug_abbrev    0x000389        0x291 build/default/production/I2CLib.o
 .debug_abbrev    0x00061a        0x179 build/default/production/core.o
 .debug_abbrev    0x000793        0x10b build/default/production/lcd.o
 .debug_abbrev    0x00089e        0x1ca build/default/production/PixelData.o
 .debug_abbrev    0x000a68         0x9e build/default/production/PositionCalculator.o
 .debug_abbrev    0x000b06         0xa5 build/default/production/LED_144_Lib.o
 .debug_abbrev    0x000bab         0x14 c:/program files/microchip/xc16/v2.10/bin/bin/../../lib\libc99-pic30-elf.a(feqltle.XX_o)
 .debug_abbrev    0x000bbf         0x14 c:/program files/microchip/xc16/v2.10/bin/bin/../../lib\libc99-pic30-elf.a(fgtge.XX_o)
 .debug_abbrev    0x000bd3         0x14 c:/program files/microchip/xc16/v2.10/bin/bin/../../lib\libc99-pic30-elf.a(fixunssfsi.XX_o)
 .debug_abbrev    0x000be7         0x14 c:/program files/microchip/xc16/v2.10/bin/bin/../../lib\libc99-pic30-elf.a(floatsisf.XX_o)
 .debug_abbrev    0x000bfb         0x14 c:/program files/microchip/xc16/v2.10/bin/bin/../../lib\libc99-pic30-elf.a(floatunsisf.XX_o)
 .debug_abbrev    0x000c0f         0x14 c:/program files/microchip/xc16/v2.10/bin/bin/../../lib\libc99-pic30-elf.a(funpack.XX_o)
 .debug_abbrev    0x000c23         0x14 c:/program files/microchip/xc16/v2.10/bin/bin/../../lib\libc99-pic30-elf.a(addsf3x.XX_o)
 .debug_abbrev    0x000c37         0x14 c:/program files/microchip/xc16/v2.10/bin/bin/../../lib\libc99-pic30-elf.a(divsf3x.XX_o)
 .debug_abbrev    0x000c4b         0x14 c:/program files/microchip/xc16/v2.10/bin/bin/../../lib\libc99-pic30-elf.a(mulsf3x.XX_o)
 .debug_abbrev    0x000c5f         0x14 c:/program files/microchip/xc16/v2.10/bin/bin/../../lib\libc99-pic30-elf.a(dnrmpackfx.XX_o)
 .debug_abbrev    0x000c73         0x14 c:/program files/microchip/xc16/v2.10/bin/bin/../../lib\libc99-pic30-elf.a(unpackdnrmfx.XX_o)
 .debug_abbrev    0x000c87         0x14 c:/program files/microchip/xc16/v2.10/bin/bin/../../lib\libc99-pic30-elf.a(typefx.XX_o)
 .debug_abbrev    0x000c9b         0x14 c:/program files/microchip/xc16/v2.10/bin/bin/../../lib\libc99-pic30-elf.a(propnanfx.XX_o)
 .debug_abbrev    0x000caf         0x14 c:/program files/microchip/xc16/v2.10/bin/bin/../../lib\libc99-pic30-elf.a(spackfx.XX_o)
 .debug_abbrev    0x000cc3         0x14 c:/program files/microchip/xc16/v2.10/bin/bin/../../lib\libc99-pic30-elf.a(unpackfx.XX_o)
 .debug_abbrev    0x000cd7         0x14 c:/program files/microchip/xc16/v2.10/bin/bin/../../lib\libc99-pic30-elf.a(fcompare.XX_o)
 .debug_abbrev    0x000ceb         0x14 c:/program files/microchip/xc16/v2.10/bin/bin/../../lib\libc99-pic30-elf.a(floatdisf.XX_o)
 .debug_abbrev    0x000cff         0x14 c:/program files/microchip/xc16/v2.10/bin/bin/../../lib\libc99-pic30-elf.a(floatundisf.XX_o)
 .debug_abbrev    0x000d13         0x14 c:/program files/microchip/xc16/v2.10/bin/bin/../../lib\libc99-pic30-elf.a(fpack.XX_o)
 .debug_abbrev    0x000d27         0x14 c:/program files/microchip/xc16/v2.10/bin/bin/../../lib\libc99-pic30-elf.a(funpack2.XX_o)
 .debug_abbrev    0x000d3b         0x14 c:/program files/microchip/xc16/v2.10/bin/bin/../../lib\libc99-pic30-elf.a(deqltle.XX_o)
 .debug_abbrev    0x000d4f         0x14 c:/program files/microchip/xc16/v2.10/bin/bin/../../lib\libc99-pic30-elf.a(dgtge.XX_o)
 .debug_abbrev    0x000d63         0x14 c:/program files/microchip/xc16/v2.10/bin/bin/../../lib\libc99-pic30-elf.a(extendsfdf.XX_o)
 .debug_abbrev    0x000d77         0x14 c:/program files/microchip/xc16/v2.10/bin/bin/../../lib\libc99-pic30-elf.a(fixdfsi.XX_o)
 .debug_abbrev    0x000d8b         0x14 c:/program files/microchip/xc16/v2.10/bin/bin/../../lib\libc99-pic30-elf.a(mulsi3.XX_o)
 .debug_abbrev    0x000d9f         0x14 c:/program files/microchip/xc16/v2.10/bin/bin/../../lib\libc99-pic30-elf.a(dpadd.XX_o)
 .debug_abbrev    0x000db3         0x14 c:/program files/microchip/xc16/v2.10/bin/bin/../../lib\libc99-pic30-elf.a(dpdiv.XX_o)
 .debug_abbrev    0x000dc7         0x14 c:/program files/microchip/xc16/v2.10/bin/bin/../../lib\libc99-pic30-elf.a(dpmul.XX_o)
 .debug_abbrev    0x000ddb         0x14 c:/program files/microchip/xc16/v2.10/bin/bin/../../lib\libc99-pic30-elf.a(dpsubs.XX_o)
 .debug_abbrev    0x000def         0x14 c:/program files/microchip/xc16/v2.10/bin/bin/../../lib\libc99-pic30-elf.a(dcompare.XX_o)
 .debug_abbrev    0x000e03         0x14 c:/program files/microchip/xc16/v2.10/bin/bin/../../lib\libc99-pic30-elf.a(dtype.XX_o)
 .debug_abbrev    0x000e17         0x14 c:/program files/microchip/xc16/v2.10/bin/bin/../../lib\libc99-pic30-elf.a(dunpack.XX_o)
 .debug_abbrev    0x000e2b         0x14 c:/program files/microchip/xc16/v2.10/bin/bin/../../lib\libc99-pic30-elf.a(dunpack2.XX_o)
 .debug_abbrev    0x000e3f         0x14 c:/program files/microchip/xc16/v2.10/bin/bin/../../lib\libc99-pic30-elf.a(dpropagateNaN.XX_o)

.debug_line       0x000000       0x1abd
 *(.debug_line)
 .debug_line      0x000000        0x297 build/default/production/BNO085.o
 .debug_line      0x000297         0x9d build/default/production/queue.o
 .debug_line      0x000334        0x20b build/default/production/I2CLib.o
 .debug_line      0x00053f        0x14b build/default/production/core.o
 .debug_line      0x00068a        0x13f build/default/production/lcd.o
 .debug_line      0x0007c9        0x1bd build/default/production/PixelData.o
 .debug_line      0x000986        0x100 build/default/production/PositionCalculator.o
 .debug_line      0x000a86         0xc5 build/default/production/LED_144_Lib.o
 .debug_line      0x000b4b         0x37 c:/program files/microchip/xc16/v2.10/bin/bin/../../lib\libc99-pic30-elf.a(feqltle.XX_o)
 .debug_line      0x000b82         0x35 c:/program files/microchip/xc16/v2.10/bin/bin/../../lib\libc99-pic30-elf.a(fgtge.XX_o)
 .debug_line      0x000bb7         0x53 c:/program files/microchip/xc16/v2.10/bin/bin/../../lib\libc99-pic30-elf.a(fixunssfsi.XX_o)
 .debug_line      0x000c0a         0x3a c:/program files/microchip/xc16/v2.10/bin/bin/../../lib\libc99-pic30-elf.a(floatsisf.XX_o)
 .debug_line      0x000c44         0x3b c:/program files/microchip/xc16/v2.10/bin/bin/../../lib\libc99-pic30-elf.a(floatunsisf.XX_o)
 .debug_line      0x000c7f         0x4a c:/program files/microchip/xc16/v2.10/bin/bin/../../lib\libc99-pic30-elf.a(funpack.XX_o)
 .debug_line      0x000cc9        0x136 c:/program files/microchip/xc16/v2.10/bin/bin/../../lib\libc99-pic30-elf.a(addsf3x.XX_o)
 .debug_line      0x000dff        0x124 c:/program files/microchip/xc16/v2.10/bin/bin/../../lib\libc99-pic30-elf.a(divsf3x.XX_o)
 .debug_line      0x000f23         0xcc c:/program files/microchip/xc16/v2.10/bin/bin/../../lib\libc99-pic30-elf.a(mulsf3x.XX_o)
 .debug_line      0x000fef         0x72 c:/program files/microchip/xc16/v2.10/bin/bin/../../lib\libc99-pic30-elf.a(dnrmpackfx.XX_o)
 .debug_line      0x001061         0x7a c:/program files/microchip/xc16/v2.10/bin/bin/../../lib\libc99-pic30-elf.a(unpackdnrmfx.XX_o)
 .debug_line      0x0010db         0x5e c:/program files/microchip/xc16/v2.10/bin/bin/../../lib\libc99-pic30-elf.a(typefx.XX_o)
 .debug_line      0x001139         0x51 c:/program files/microchip/xc16/v2.10/bin/bin/../../lib\libc99-pic30-elf.a(propnanfx.XX_o)
 .debug_line      0x00118a         0x98 c:/program files/microchip/xc16/v2.10/bin/bin/../../lib\libc99-pic30-elf.a(spackfx.XX_o)
 .debug_line      0x001222         0x79 c:/program files/microchip/xc16/v2.10/bin/bin/../../lib\libc99-pic30-elf.a(unpackfx.XX_o)
 .debug_line      0x00129b         0x1a c:/program files/microchip/xc16/v2.10/bin/bin/../../lib\libc99-pic30-elf.a(errno.XX_o)
 .debug_line      0x0012b5         0x53 c:/program files/microchip/xc16/v2.10/bin/bin/../../lib\libc99-pic30-elf.a(fcompare.XX_o)
 .debug_line      0x001308         0x47 c:/program files/microchip/xc16/v2.10/bin/bin/../../lib\libc99-pic30-elf.a(floatdisf.XX_o)
 .debug_line      0x00134f         0x6c c:/program files/microchip/xc16/v2.10/bin/bin/../../lib\libc99-pic30-elf.a(floatundisf.XX_o)
 .debug_line      0x0013bb         0x5a c:/program files/microchip/xc16/v2.10/bin/bin/../../lib\libc99-pic30-elf.a(fpack.XX_o)
 .debug_line      0x001415         0x3e c:/program files/microchip/xc16/v2.10/bin/bin/../../lib\libc99-pic30-elf.a(funpack2.XX_o)
 .debug_line      0x001453         0x3a c:/program files/microchip/xc16/v2.10/bin/bin/../../lib\libc99-pic30-elf.a(deqltle.XX_o)
 .debug_line      0x00148d         0x38 c:/program files/microchip/xc16/v2.10/bin/bin/../../lib\libc99-pic30-elf.a(dgtge.XX_o)
 .debug_line      0x0014c5         0x59 c:/program files/microchip/xc16/v2.10/bin/bin/../../lib\libc99-pic30-elf.a(extendsfdf.XX_o)
 .debug_line      0x00151e         0x61 c:/program files/microchip/xc16/v2.10/bin/bin/../../lib\libc99-pic30-elf.a(fixdfsi.XX_o)
 .debug_line      0x00157f         0x3a c:/program files/microchip/xc16/v2.10/bin/bin/../../lib\libc99-pic30-elf.a(mulsi3.XX_o)
 .debug_line      0x0015b9         0xa2 c:/program files/microchip/xc16/v2.10/bin/bin/../../lib\libc99-pic30-elf.a(dpadd.XX_o)
 .debug_line      0x00165b        0x100 c:/program files/microchip/xc16/v2.10/bin/bin/../../lib\libc99-pic30-elf.a(dpdiv.XX_o)
 .debug_line      0x00175b         0xde c:/program files/microchip/xc16/v2.10/bin/bin/../../lib\libc99-pic30-elf.a(dpmul.XX_o)
 .debug_line      0x001839         0xe8 c:/program files/microchip/xc16/v2.10/bin/bin/../../lib\libc99-pic30-elf.a(dpsubs.XX_o)
 .debug_line      0x001921         0x5f c:/program files/microchip/xc16/v2.10/bin/bin/../../lib\libc99-pic30-elf.a(dcompare.XX_o)
 .debug_line      0x001980         0x45 c:/program files/microchip/xc16/v2.10/bin/bin/../../lib\libc99-pic30-elf.a(dtype.XX_o)
 .debug_line      0x0019c5         0x5c c:/program files/microchip/xc16/v2.10/bin/bin/../../lib\libc99-pic30-elf.a(dunpack.XX_o)
 .debug_line      0x001a21         0x53 c:/program files/microchip/xc16/v2.10/bin/bin/../../lib\libc99-pic30-elf.a(dunpack2.XX_o)
 .debug_line      0x001a74         0x49 c:/program files/microchip/xc16/v2.10/bin/bin/../../lib\libc99-pic30-elf.a(dpropagateNaN.XX_o)

.debug_frame      0x000000        0x928
 *(.debug_frame)
 .debug_frame     0x000000        0x22e build/default/production/BNO085.o
 .debug_frame     0x00022e         0x7c build/default/production/queue.o
 .debug_frame     0x0002aa        0x202 build/default/production/I2CLib.o
 .debug_frame     0x0004ac         0x7e build/default/production/core.o
 .debug_frame     0x00052a         0xd2 build/default/production/lcd.o
 .debug_frame     0x0005fc        0x214 build/default/production/PixelData.o
 .debug_frame     0x000810         0xb6 build/default/production/PositionCalculator.o
 .debug_frame     0x0008c6         0x62 build/default/production/LED_144_Lib.o

.debug_str        0x000000        0x2f0
 *(.debug_str)
 .debug_str       0x000000        0x103 build/default/production/BNO085.o
 .debug_str       0x000103         0x2b build/default/production/queue.o
 .debug_str       0x00012e        0x11b build/default/production/I2CLib.o
 .debug_str       0x000249         0x2a build/default/production/core.o
 .debug_str       0x000273         0x13 build/default/production/lcd.o
 .debug_str       0x000286         0x30 build/default/production/PixelData.o
 .debug_str       0x0002b6         0x2a build/default/production/PositionCalculator.o
 .debug_str       0x0002e0         0x10 build/default/production/LED_144_Lib.o

.debug_loc
 *(.debug_loc)

.debug_macinfo
 *(.debug_macinfo)

.debug_pubnames
                  0x000000        0x7ce
 *(.debug_pubnames)
 .debug_pubnames
                  0x000000        0x229 build/default/production/BNO085.o
 .debug_pubnames
                  0x000229         0x85 build/default/production/queue.o
 .debug_pubnames
                  0x0002ae        0x261 build/default/production/I2CLib.o
 .debug_pubnames
                  0x00050f         0x49 build/default/production/core.o
 .debug_pubnames
                  0x000558         0x86 build/default/production/lcd.o
 .debug_pubnames
                  0x0005de        0x157 build/default/production/PixelData.o
 .debug_pubnames
                  0x000735         0x5e build/default/production/PositionCalculator.o
 .debug_pubnames
                  0x000793         0x3b build/default/production/LED_144_Lib.o

.debug_ranges
 *(.debug_ranges)

.debug_aranges    0x000000        0x500
 *(.debug_aranges)
 .debug_aranges
                  0x000000         0x18 build/default/production/BNO085.o
 .debug_aranges
                  0x000018         0x18 build/default/production/queue.o
 .debug_aranges
                  0x000030         0x18 build/default/production/I2CLib.o
 .debug_aranges
                  0x000048         0x18 build/default/production/core.o
 .debug_aranges
                  0x000060         0x18 build/default/production/lcd.o
 .debug_aranges
                  0x000078         0x18 build/default/production/PixelData.o
 .debug_aranges
                  0x000090         0x18 build/default/production/PositionCalculator.o
 .debug_aranges
                  0x0000a8         0x18 build/default/production/LED_144_Lib.o
 .debug_aranges
                  0x0000c0         0x20 c:/program files/microchip/xc16/v2.10/bin/bin/../../lib\libc99-pic30-elf.a(feqltle.XX_o)
 .debug_aranges
                  0x0000e0         0x20 c:/program files/microchip/xc16/v2.10/bin/bin/../../lib\libc99-pic30-elf.a(fgtge.XX_o)
 .debug_aranges
                  0x000100         0x20 c:/program files/microchip/xc16/v2.10/bin/bin/../../lib\libc99-pic30-elf.a(fixunssfsi.XX_o)
 .debug_aranges
                  0x000120         0x20 c:/program files/microchip/xc16/v2.10/bin/bin/../../lib\libc99-pic30-elf.a(floatsisf.XX_o)
 .debug_aranges
                  0x000140         0x20 c:/program files/microchip/xc16/v2.10/bin/bin/../../lib\libc99-pic30-elf.a(floatunsisf.XX_o)
 .debug_aranges
                  0x000160         0x20 c:/program files/microchip/xc16/v2.10/bin/bin/../../lib\libc99-pic30-elf.a(funpack.XX_o)
 .debug_aranges
                  0x000180         0x20 c:/program files/microchip/xc16/v2.10/bin/bin/../../lib\libc99-pic30-elf.a(addsf3x.XX_o)
 .debug_aranges
                  0x0001a0         0x20 c:/program files/microchip/xc16/v2.10/bin/bin/../../lib\libc99-pic30-elf.a(divsf3x.XX_o)
 .debug_aranges
                  0x0001c0         0x20 c:/program files/microchip/xc16/v2.10/bin/bin/../../lib\libc99-pic30-elf.a(mulsf3x.XX_o)
 .debug_aranges
                  0x0001e0         0x20 c:/program files/microchip/xc16/v2.10/bin/bin/../../lib\libc99-pic30-elf.a(dnrmpackfx.XX_o)
 .debug_aranges
                  0x000200         0x20 c:/program files/microchip/xc16/v2.10/bin/bin/../../lib\libc99-pic30-elf.a(unpackdnrmfx.XX_o)
 .debug_aranges
                  0x000220         0x20 c:/program files/microchip/xc16/v2.10/bin/bin/../../lib\libc99-pic30-elf.a(typefx.XX_o)
 .debug_aranges
                  0x000240         0x20 c:/program files/microchip/xc16/v2.10/bin/bin/../../lib\libc99-pic30-elf.a(propnanfx.XX_o)
 .debug_aranges
                  0x000260         0x20 c:/program files/microchip/xc16/v2.10/bin/bin/../../lib\libc99-pic30-elf.a(spackfx.XX_o)
 .debug_aranges
                  0x000280         0x20 c:/program files/microchip/xc16/v2.10/bin/bin/../../lib\libc99-pic30-elf.a(unpackfx.XX_o)
 .debug_aranges
                  0x0002a0         0x20 c:/program files/microchip/xc16/v2.10/bin/bin/../../lib\libc99-pic30-elf.a(fcompare.XX_o)
 .debug_aranges
                  0x0002c0         0x20 c:/program files/microchip/xc16/v2.10/bin/bin/../../lib\libc99-pic30-elf.a(floatdisf.XX_o)
 .debug_aranges
                  0x0002e0         0x20 c:/program files/microchip/xc16/v2.10/bin/bin/../../lib\libc99-pic30-elf.a(floatundisf.XX_o)
 .debug_aranges
                  0x000300         0x20 c:/program files/microchip/xc16/v2.10/bin/bin/../../lib\libc99-pic30-elf.a(fpack.XX_o)
 .debug_aranges
                  0x000320         0x20 c:/program files/microchip/xc16/v2.10/bin/bin/../../lib\libc99-pic30-elf.a(funpack2.XX_o)
 .debug_aranges
                  0x000340         0x20 c:/program files/microchip/xc16/v2.10/bin/bin/../../lib\libc99-pic30-elf.a(deqltle.XX_o)
 .debug_aranges
                  0x000360         0x20 c:/program files/microchip/xc16/v2.10/bin/bin/../../lib\libc99-pic30-elf.a(dgtge.XX_o)
 .debug_aranges
                  0x000380         0x20 c:/program files/microchip/xc16/v2.10/bin/bin/../../lib\libc99-pic30-elf.a(extendsfdf.XX_o)
 .debug_aranges
                  0x0003a0         0x20 c:/program files/microchip/xc16/v2.10/bin/bin/../../lib\libc99-pic30-elf.a(fixdfsi.XX_o)
 .debug_aranges
                  0x0003c0         0x20 c:/program files/microchip/xc16/v2.10/bin/bin/../../lib\libc99-pic30-elf.a(mulsi3.XX_o)
 .debug_aranges
                  0x0003e0         0x20 c:/program files/microchip/xc16/v2.10/bin/bin/../../lib\libc99-pic30-elf.a(dpadd.XX_o)
 .debug_aranges
                  0x000400         0x20 c:/program files/microchip/xc16/v2.10/bin/bin/../../lib\libc99-pic30-elf.a(dpdiv.XX_o)
 .debug_aranges
                  0x000420         0x20 c:/program files/microchip/xc16/v2.10/bin/bin/../../lib\libc99-pic30-elf.a(dpmul.XX_o)
 .debug_aranges
                  0x000440         0x20 c:/program files/microchip/xc16/v2.10/bin/bin/../../lib\libc99-pic30-elf.a(dpsubs.XX_o)
 .debug_aranges
                  0x000460         0x20 c:/program files/microchip/xc16/v2.10/bin/bin/../../lib\libc99-pic30-elf.a(dcompare.XX_o)
 .debug_aranges
                  0x000480         0x20 c:/program files/microchip/xc16/v2.10/bin/bin/../../lib\libc99-pic30-elf.a(dtype.XX_o)
 .debug_aranges
                  0x0004a0         0x20 c:/program files/microchip/xc16/v2.10/bin/bin/../../lib\libc99-pic30-elf.a(dunpack.XX_o)
 .debug_aranges
                  0x0004c0         0x20 c:/program files/microchip/xc16/v2.10/bin/bin/../../lib\libc99-pic30-elf.a(dunpack2.XX_o)
 .debug_aranges
                  0x0004e0         0x20 c:/program files/microchip/xc16/v2.10/bin/bin/../../lib\libc99-pic30-elf.a(dpropagateNaN.XX_o)
                    0x0000                  WREG0 = 0x0
                    0x0000                  _WREG0 = 0x0
                    0x0002                  WREG1 = 0x2
                    0x0002                  _WREG1 = 0x2
                    0x0004                  WREG2 = 0x4
                    0x0004                  _WREG2 = 0x4
                    0x0006                  WREG3 = 0x6
                    0x0006                  _WREG3 = 0x6
                    0x0008                  WREG4 = 0x8
                    0x0008                  _WREG4 = 0x8
                    0x000a                  WREG5 = 0xa
                    0x000a                  _WREG5 = 0xa
                    0x000c                  WREG6 = 0xc
                    0x000c                  _WREG6 = 0xc
                    0x000e                  WREG7 = 0xe
                    0x000e                  _WREG7 = 0xe
                    0x0010                  WREG8 = 0x10
                    0x0010                  _WREG8 = 0x10
                    0x0012                  WREG9 = 0x12
                    0x0012                  _WREG9 = 0x12
                    0x0014                  WREG10 = 0x14
                    0x0014                  _WREG10 = 0x14
                    0x0016                  WREG11 = 0x16
                    0x0016                  _WREG11 = 0x16
                    0x0018                  WREG12 = 0x18
                    0x0018                  _WREG12 = 0x18
                    0x001a                  WREG13 = 0x1a
                    0x001a                  _WREG13 = 0x1a
                    0x001c                  WREG14 = 0x1c
                    0x001c                  _WREG14 = 0x1c
                    0x001e                  WREG15 = 0x1e
                    0x001e                  _WREG15 = 0x1e
                    0x0020                  SPLIM = 0x20
                    0x0020                  _SPLIM = 0x20
                    0x002e                  PCL = 0x2e
                    0x002e                  _PCL = 0x2e
                    0x0030                  PCH = 0x30
                    0x0030                  _PCH = 0x30
                    0x0032                  TBLPAG = 0x32
                    0x0032                  _TBLPAG = 0x32
                    0x0034                  PSVPAG = 0x34
                    0x0034                  _PSVPAG = 0x34
                    0x0036                  RCOUNT = 0x36
                    0x0036                  _RCOUNT = 0x36
                    0x0042                  SR = 0x42
                    0x0042                  _SR = 0x42
                    0x0042                  _SRbits = 0x42
                    0x0044                  CORCON = 0x44
                    0x0044                  _CORCON = 0x44
                    0x0044                  _CORCONbits = 0x44
                    0x0052                  DISICNT = 0x52
                    0x0052                  _DISICNT = 0x52
                    0x0060                  CNEN1 = 0x60
                    0x0060                  _CNEN1 = 0x60
                    0x0060                  _CNEN1bits = 0x60
                    0x0062                  CNEN2 = 0x62
                    0x0062                  _CNEN2 = 0x62
                    0x0062                  _CNEN2bits = 0x62
                    0x0068                  CNPU1 = 0x68
                    0x0068                  _CNPU1 = 0x68
                    0x0068                  _CNPU1bits = 0x68
                    0x006a                  CNPU2 = 0x6a
                    0x006a                  _CNPU2 = 0x6a
                    0x006a                  _CNPU2bits = 0x6a
                    0x0080                  INTCON1 = 0x80
                    0x0080                  _INTCON1 = 0x80
                    0x0080                  _INTCON1bits = 0x80
                    0x0082                  INTCON2 = 0x82
                    0x0082                  _INTCON2 = 0x82
                    0x0082                  _INTCON2bits = 0x82
                    0x0084                  IFS0 = 0x84
                    0x0084                  _IFS0 = 0x84
                    0x0084                  _IFS0bits = 0x84
                    0x0086                  IFS1 = 0x86
                    0x0086                  _IFS1 = 0x86
                    0x0086                  _IFS1bits = 0x86
                    0x0088                  IFS2 = 0x88
                    0x0088                  _IFS2 = 0x88
                    0x0088                  _IFS2bits = 0x88
                    0x008a                  IFS3 = 0x8a
                    0x008a                  _IFS3 = 0x8a
                    0x008a                  _IFS3bits = 0x8a
                    0x008c                  IFS4 = 0x8c
                    0x008c                  _IFS4 = 0x8c
                    0x008c                  _IFS4bits = 0x8c
                    0x0094                  IEC0 = 0x94
                    0x0094                  _IEC0 = 0x94
                    0x0094                  _IEC0bits = 0x94
                    0x0096                  IEC1 = 0x96
                    0x0096                  _IEC1 = 0x96
                    0x0096                  _IEC1bits = 0x96
                    0x0098                  IEC2 = 0x98
                    0x0098                  _IEC2 = 0x98
                    0x0098                  _IEC2bits = 0x98
                    0x009a                  IEC3 = 0x9a
                    0x009a                  _IEC3 = 0x9a
                    0x009a                  _IEC3bits = 0x9a
                    0x009c                  IEC4 = 0x9c
                    0x009c                  _IEC4 = 0x9c
                    0x009c                  _IEC4bits = 0x9c
                    0x00a4                  IPC0 = 0xa4
                    0x00a4                  _IPC0 = 0xa4
                    0x00a4                  _IPC0bits = 0xa4
                    0x00a6                  IPC1 = 0xa6
                    0x00a6                  _IPC1 = 0xa6
                    0x00a6                  _IPC1bits = 0xa6
                    0x00a8                  IPC2 = 0xa8
                    0x00a8                  _IPC2 = 0xa8
                    0x00a8                  _IPC2bits = 0xa8
                    0x00aa                  IPC3 = 0xaa
                    0x00aa                  _IPC3 = 0xaa
                    0x00aa                  _IPC3bits = 0xaa
                    0x00ac                  IPC4 = 0xac
                    0x00ac                  _IPC4 = 0xac
                    0x00ac                  _IPC4bits = 0xac
                    0x00ae                  IPC5 = 0xae
                    0x00ae                  _IPC5 = 0xae
                    0x00ae                  _IPC5bits = 0xae
                    0x00b0                  IPC6 = 0xb0
                    0x00b0                  _IPC6 = 0xb0
                    0x00b0                  _IPC6bits = 0xb0
                    0x00b2                  IPC7 = 0xb2
                    0x00b2                  _IPC7 = 0xb2
                    0x00b2                  _IPC7bits = 0xb2
                    0x00b4                  IPC8 = 0xb4
                    0x00b4                  _IPC8 = 0xb4
                    0x00b4                  _IPC8bits = 0xb4
                    0x00b6                  IPC9 = 0xb6
                    0x00b6                  _IPC9 = 0xb6
                    0x00b6                  _IPC9bits = 0xb6
                    0x00b8                  IPC10 = 0xb8
                    0x00b8                  _IPC10 = 0xb8
                    0x00b8                  _IPC10bits = 0xb8
                    0x00ba                  IPC11 = 0xba
                    0x00ba                  _IPC11 = 0xba
                    0x00ba                  _IPC11bits = 0xba
                    0x00bc                  IPC12 = 0xbc
                    0x00bc                  _IPC12 = 0xbc
                    0x00bc                  _IPC12bits = 0xbc
                    0x00c2                  IPC15 = 0xc2
                    0x00c2                  _IPC15 = 0xc2
                    0x00c2                  _IPC15bits = 0xc2
                    0x00c4                  IPC16 = 0xc4
                    0x00c4                  _IPC16 = 0xc4
                    0x00c4                  _IPC16bits = 0xc4
                    0x00c8                  IPC18 = 0xc8
                    0x00c8                  _IPC18 = 0xc8
                    0x00c8                  _IPC18bits = 0xc8
                    0x00e0                  INTTREG = 0xe0
                    0x00e0                  _INTTREG = 0xe0
                    0x00e0                  _INTTREGbits = 0xe0
                    0x0100                  TMR1 = 0x100
                    0x0100                  _TMR1 = 0x100
                    0x0102                  PR1 = 0x102
                    0x0102                  _PR1 = 0x102
                    0x0104                  T1CON = 0x104
                    0x0104                  _T1CON = 0x104
                    0x0104                  _T1CONbits = 0x104
                    0x0106                  TMR2 = 0x106
                    0x0106                  _TMR2 = 0x106
                    0x0108                  TMR3HLD = 0x108
                    0x0108                  _TMR3HLD = 0x108
                    0x010a                  TMR3 = 0x10a
                    0x010a                  _TMR3 = 0x10a
                    0x010c                  PR2 = 0x10c
                    0x010c                  _PR2 = 0x10c
                    0x010e                  PR3 = 0x10e
                    0x010e                  _PR3 = 0x10e
                    0x0110                  T2CON = 0x110
                    0x0110                  _T2CON = 0x110
                    0x0110                  _T2CONbits = 0x110
                    0x0112                  T3CON = 0x112
                    0x0112                  _T3CON = 0x112
                    0x0112                  _T3CONbits = 0x112
                    0x0114                  TMR4 = 0x114
                    0x0114                  _TMR4 = 0x114
                    0x0116                  TMR5HLD = 0x116
                    0x0116                  _TMR5HLD = 0x116
                    0x0118                  TMR5 = 0x118
                    0x0118                  _TMR5 = 0x118
                    0x011a                  PR4 = 0x11a
                    0x011a                  _PR4 = 0x11a
                    0x011c                  PR5 = 0x11c
                    0x011c                  _PR5 = 0x11c
                    0x011e                  T4CON = 0x11e
                    0x011e                  _T4CON = 0x11e
                    0x011e                  _T4CONbits = 0x11e
                    0x0120                  T5CON = 0x120
                    0x0120                  _T5CON = 0x120
                    0x0120                  _T5CONbits = 0x120
                    0x0140                  IC1BUF = 0x140
                    0x0140                  _IC1BUF = 0x140
                    0x0142                  IC1CON = 0x142
                    0x0142                  _IC1CON = 0x142
                    0x0142                  _IC1CONbits = 0x142
                    0x0144                  IC2BUF = 0x144
                    0x0144                  _IC2BUF = 0x144
                    0x0146                  IC2CON = 0x146
                    0x0146                  _IC2CON = 0x146
                    0x0146                  _IC2CONbits = 0x146
                    0x0148                  IC3BUF = 0x148
                    0x0148                  _IC3BUF = 0x148
                    0x014a                  IC3CON = 0x14a
                    0x014a                  _IC3CON = 0x14a
                    0x014a                  _IC3CONbits = 0x14a
                    0x014c                  IC4BUF = 0x14c
                    0x014c                  _IC4BUF = 0x14c
                    0x014e                  IC4CON = 0x14e
                    0x014e                  _IC4CON = 0x14e
                    0x014e                  _IC4CONbits = 0x14e
                    0x0150                  IC5BUF = 0x150
                    0x0150                  _IC5BUF = 0x150
                    0x0152                  IC5CON = 0x152
                    0x0152                  _IC5CON = 0x152
                    0x0152                  _IC5CONbits = 0x152
                    0x0180                  OC1RS = 0x180
                    0x0180                  _OC1RS = 0x180
                    0x0182                  OC1R = 0x182
                    0x0182                  _OC1R = 0x182
                    0x0184                  OC1CON = 0x184
                    0x0184                  _OC1CON = 0x184
                    0x0184                  _OC1CONbits = 0x184
                    0x0186                  OC2RS = 0x186
                    0x0186                  _OC2RS = 0x186
                    0x0188                  OC2R = 0x188
                    0x0188                  _OC2R = 0x188
                    0x018a                  OC2CON = 0x18a
                    0x018a                  _OC2CON = 0x18a
                    0x018a                  _OC2CONbits = 0x18a
                    0x018c                  OC3RS = 0x18c
                    0x018c                  _OC3RS = 0x18c
                    0x018e                  OC3R = 0x18e
                    0x018e                  _OC3R = 0x18e
                    0x0190                  OC3CON = 0x190
                    0x0190                  _OC3CON = 0x190
                    0x0190                  _OC3CONbits = 0x190
                    0x0192                  OC4RS = 0x192
                    0x0192                  _OC4RS = 0x192
                    0x0194                  OC4R = 0x194
                    0x0194                  _OC4R = 0x194
                    0x0196                  OC4CON = 0x196
                    0x0196                  _OC4CON = 0x196
                    0x0196                  _OC4CONbits = 0x196
                    0x0198                  OC5RS = 0x198
                    0x0198                  _OC5RS = 0x198
                    0x019a                  OC5R = 0x19a
                    0x019a                  _OC5R = 0x19a
                    0x019c                  OC5CON = 0x19c
                    0x019c                  _OC5CON = 0x19c
                    0x019c                  _OC5CONbits = 0x19c
                    0x0200                  I2C1RCV = 0x200
                    0x0200                  _I2C1RCV = 0x200
                    0x0202                  I2C1TRN = 0x202
                    0x0202                  _I2C1TRN = 0x202
                    0x0204                  I2C1BRG = 0x204
                    0x0204                  _I2C1BRG = 0x204
                    0x0206                  I2C1CON = 0x206
                    0x0206                  _I2C1CON = 0x206
                    0x0206                  _I2C1CONbits = 0x206
                    0x0208                  I2C1STAT = 0x208
                    0x0208                  _I2C1STAT = 0x208
                    0x0208                  _I2C1STATbits = 0x208
                    0x020a                  I2C1ADD = 0x20a
                    0x020a                  _I2C1ADD = 0x20a
                    0x020c                  I2C1MSK = 0x20c
                    0x020c                  _I2C1MSK = 0x20c
                    0x0210                  I2C2RCV = 0x210
                    0x0210                  _I2C2RCV = 0x210
                    0x0212                  I2C2TRN = 0x212
                    0x0212                  _I2C2TRN = 0x212
                    0x0214                  I2C2BRG = 0x214
                    0x0214                  _I2C2BRG = 0x214
                    0x0216                  I2C2CON = 0x216
                    0x0216                  _I2C2CON = 0x216
                    0x0216                  _I2C2CONbits = 0x216
                    0x0218                  I2C2STAT = 0x218
                    0x0218                  _I2C2STAT = 0x218
                    0x0218                  _I2C2STATbits = 0x218
                    0x021a                  I2C2ADD = 0x21a
                    0x021a                  _I2C2ADD = 0x21a
                    0x021c                  I2C2MSK = 0x21c
                    0x021c                  _I2C2MSK = 0x21c
                    0x0220                  U1MODE = 0x220
                    0x0220                  _U1MODE = 0x220
                    0x0220                  _U1MODEbits = 0x220
                    0x0222                  U1STA = 0x222
                    0x0222                  _U1STA = 0x222
                    0x0222                  _U1STAbits = 0x222
                    0x0224                  U1TXREG = 0x224
                    0x0224                  _U1TXREG = 0x224
                    0x0226                  U1RXREG = 0x226
                    0x0226                  _U1RXREG = 0x226
                    0x0228                  U1BRG = 0x228
                    0x0228                  _U1BRG = 0x228
                    0x0230                  U2MODE = 0x230
                    0x0230                  _U2MODE = 0x230
                    0x0230                  _U2MODEbits = 0x230
                    0x0232                  U2STA = 0x232
                    0x0232                  _U2STA = 0x232
                    0x0232                  _U2STAbits = 0x232
                    0x0234                  U2TXREG = 0x234
                    0x0234                  _U2TXREG = 0x234
                    0x0236                  U2RXREG = 0x236
                    0x0236                  _U2RXREG = 0x236
                    0x0238                  U2BRG = 0x238
                    0x0238                  _U2BRG = 0x238
                    0x0240                  SPI1STAT = 0x240
                    0x0240                  _SPI1STAT = 0x240
                    0x0240                  _SPI1STATbits = 0x240
                    0x0242                  SPI1CON1 = 0x242
                    0x0242                  _SPI1CON1 = 0x242
                    0x0242                  _SPI1CON1bits = 0x242
                    0x0244                  SPI1CON2 = 0x244
                    0x0244                  _SPI1CON2 = 0x244
                    0x0244                  _SPI1CON2bits = 0x244
                    0x0248                  SPI1BUF = 0x248
                    0x0248                  _SPI1BUF = 0x248
                    0x0260                  SPI2STAT = 0x260
                    0x0260                  _SPI2STAT = 0x260
                    0x0260                  _SPI2STATbits = 0x260
                    0x0262                  SPI2CON1 = 0x262
                    0x0262                  _SPI2CON1 = 0x262
                    0x0262                  _SPI2CON1bits = 0x262
                    0x0264                  SPI2CON2 = 0x264
                    0x0264                  _SPI2CON2 = 0x264
                    0x0264                  _SPI2CON2bits = 0x264
                    0x0268                  SPI2BUF = 0x268
                    0x0268                  _SPI2BUF = 0x268
                    0x02c0                  TRISA = 0x2c0
                    0x02c0                  _TRISA = 0x2c0
                    0x02c0                  _TRISAbits = 0x2c0
                    0x02c2                  PORTA = 0x2c2
                    0x02c2                  _PORTA = 0x2c2
                    0x02c2                  _PORTAbits = 0x2c2
                    0x02c4                  LATA = 0x2c4
                    0x02c4                  _LATA = 0x2c4
                    0x02c4                  _LATAbits = 0x2c4
                    0x02c6                  ODCA = 0x2c6
                    0x02c6                  _ODCA = 0x2c6
                    0x02c6                  _ODCAbits = 0x2c6
                    0x02c8                  TRISB = 0x2c8
                    0x02c8                  _TRISB = 0x2c8
                    0x02c8                  _TRISBbits = 0x2c8
                    0x02ca                  PORTB = 0x2ca
                    0x02ca                  _PORTB = 0x2ca
                    0x02ca                  _PORTBbits = 0x2ca
                    0x02cc                  LATB = 0x2cc
                    0x02cc                  _LATB = 0x2cc
                    0x02cc                  _LATBbits = 0x2cc
                    0x02ce                  ODCB = 0x2ce
                    0x02ce                  _ODCB = 0x2ce
                    0x02ce                  _ODCBbits = 0x2ce
                    0x02fc                  PADCFG1 = 0x2fc
                    0x02fc                  _PADCFG1 = 0x2fc
                    0x02fc                  _PADCFG1bits = 0x2fc
                    0x0300                  ADC1BUF0 = 0x300
                    0x0300                  _ADC1BUF0 = 0x300
                    0x0302                  ADC1BUF1 = 0x302
                    0x0302                  _ADC1BUF1 = 0x302
                    0x0304                  ADC1BUF2 = 0x304
                    0x0304                  _ADC1BUF2 = 0x304
                    0x0306                  ADC1BUF3 = 0x306
                    0x0306                  _ADC1BUF3 = 0x306
                    0x0308                  ADC1BUF4 = 0x308
                    0x0308                  _ADC1BUF4 = 0x308
                    0x030a                  ADC1BUF5 = 0x30a
                    0x030a                  _ADC1BUF5 = 0x30a
                    0x030c                  ADC1BUF6 = 0x30c
                    0x030c                  _ADC1BUF6 = 0x30c
                    0x030e                  ADC1BUF7 = 0x30e
                    0x030e                  _ADC1BUF7 = 0x30e
                    0x0310                  ADC1BUF8 = 0x310
                    0x0310                  _ADC1BUF8 = 0x310
                    0x0312                  ADC1BUF9 = 0x312
                    0x0312                  _ADC1BUF9 = 0x312
                    0x0314                  ADC1BUFA = 0x314
                    0x0314                  _ADC1BUFA = 0x314
                    0x0316                  ADC1BUFB = 0x316
                    0x0316                  _ADC1BUFB = 0x316
                    0x0318                  ADC1BUFC = 0x318
                    0x0318                  _ADC1BUFC = 0x318
                    0x031a                  ADC1BUFD = 0x31a
                    0x031a                  _ADC1BUFD = 0x31a
                    0x031c                  ADC1BUFE = 0x31c
                    0x031c                  _ADC1BUFE = 0x31c
                    0x031e                  ADC1BUFF = 0x31e
                    0x031e                  _ADC1BUFF = 0x31e
                    0x0320                  AD1CON1 = 0x320
                    0x0320                  _AD1CON1 = 0x320
                    0x0320                  _AD1CON1bits = 0x320
                    0x0322                  AD1CON2 = 0x322
                    0x0322                  _AD1CON2 = 0x322
                    0x0322                  _AD1CON2bits = 0x322
                    0x0324                  AD1CON3 = 0x324
                    0x0324                  _AD1CON3 = 0x324
                    0x0324                  _AD1CON3bits = 0x324
                    0x0328                  AD1CHS = 0x328
                    0x0328                  _AD1CHS = 0x328
                    0x0328                  _AD1CHSbits = 0x328
                    0x032c                  AD1PCFG = 0x32c
                    0x032c                  _AD1PCFG = 0x32c
                    0x032c                  _AD1PCFGbits = 0x32c
                    0x0330                  AD1CSSL = 0x330
                    0x0330                  _AD1CSSL = 0x330
                    0x0330                  _AD1CSSLbits = 0x330
                    0x0600                  PMCON = 0x600
                    0x0600                  _PMCON = 0x600
                    0x0600                  _PMCONbits = 0x600
                    0x0602                  PMMODE = 0x602
                    0x0602                  _PMMODE = 0x602
                    0x0602                  _PMMODEbits = 0x602
                    0x0604                  PMADDR = 0x604
                    0x0604                  _PMADDR = 0x604
                    0x0604                  _PMADDRbits = 0x604
                    0x0604                  PMDOUT1 = 0x604
                    0x0604                  _PMDOUT1 = 0x604
                    0x0604                  _PMDOUT1bits = 0x604
                    0x0606                  PMDOUT2 = 0x606
                    0x0606                  _PMDOUT2 = 0x606
                    0x0608                  PMDIN1 = 0x608
                    0x0608                  _PMDIN1 = 0x608
                    0x060a                  PMDIN2 = 0x60a
                    0x060a                  _PMDIN2 = 0x60a
                    0x060c                  PMAEN = 0x60c
                    0x060c                  _PMAEN = 0x60c
                    0x060c                  _PMAENbits = 0x60c
                    0x060e                  PMSTAT = 0x60e
                    0x060e                  _PMSTAT = 0x60e
                    0x060e                  _PMSTATbits = 0x60e
                    0x0620                  ALRMVAL = 0x620
                    0x0620                  _ALRMVAL = 0x620
                    0x0622                  ALCFGRPT = 0x622
                    0x0622                  _ALCFGRPT = 0x622
                    0x0622                  _ALCFGRPTbits = 0x622
                    0x0624                  RTCVAL = 0x624
                    0x0624                  _RTCVAL = 0x624
                    0x0626                  RCFGCAL = 0x626
                    0x0626                  _RCFGCAL = 0x626
                    0x0626                  _RCFGCALbits = 0x626
                    0x0630                  CMCON = 0x630
                    0x0630                  _CMCON = 0x630
                    0x0630                  _CMCONbits = 0x630
                    0x0632                  CVRCON = 0x632
                    0x0632                  _CVRCON = 0x632
                    0x0632                  _CVRCONbits = 0x632
                    0x0640                  CRCCON = 0x640
                    0x0640                  _CRCCON = 0x640
                    0x0640                  _CRCCONbits = 0x640
                    0x0642                  CRCXOR = 0x642
                    0x0642                  _CRCXOR = 0x642
                    0x0642                  _CRCXORbits = 0x642
                    0x0644                  CRCDAT = 0x644
                    0x0644                  _CRCDAT = 0x644
                    0x0646                  CRCWDAT = 0x646
                    0x0646                  _CRCWDAT = 0x646
                    0x0680                  RPINR0 = 0x680
                    0x0680                  _RPINR0 = 0x680
                    0x0680                  _RPINR0bits = 0x680
                    0x0682                  RPINR1 = 0x682
                    0x0682                  _RPINR1 = 0x682
                    0x0682                  _RPINR1bits = 0x682
                    0x0686                  RPINR3 = 0x686
                    0x0686                  _RPINR3 = 0x686
                    0x0686                  _RPINR3bits = 0x686
                    0x0688                  RPINR4 = 0x688
                    0x0688                  _RPINR4 = 0x688
                    0x0688                  _RPINR4bits = 0x688
                    0x068e                  RPINR7 = 0x68e
                    0x068e                  _RPINR7 = 0x68e
                    0x068e                  _RPINR7bits = 0x68e
                    0x0690                  RPINR8 = 0x690
                    0x0690                  _RPINR8 = 0x690
                    0x0690                  _RPINR8bits = 0x690
                    0x0692                  RPINR9 = 0x692
                    0x0692                  _RPINR9 = 0x692
                    0x0692                  _RPINR9bits = 0x692
                    0x0696                  RPINR11 = 0x696
                    0x0696                  _RPINR11 = 0x696
                    0x0696                  _RPINR11bits = 0x696
                    0x06a4                  RPINR18 = 0x6a4
                    0x06a4                  _RPINR18 = 0x6a4
                    0x06a4                  _RPINR18bits = 0x6a4
                    0x06a6                  RPINR19 = 0x6a6
                    0x06a6                  _RPINR19 = 0x6a6
                    0x06a6                  _RPINR19bits = 0x6a6
                    0x06a8                  RPINR20 = 0x6a8
                    0x06a8                  _RPINR20 = 0x6a8
                    0x06a8                  _RPINR20bits = 0x6a8
                    0x06aa                  RPINR21 = 0x6aa
                    0x06aa                  _RPINR21 = 0x6aa
                    0x06aa                  _RPINR21bits = 0x6aa
                    0x06ac                  RPINR22 = 0x6ac
                    0x06ac                  _RPINR22 = 0x6ac
                    0x06ac                  _RPINR22bits = 0x6ac
                    0x06ae                  RPINR23 = 0x6ae
                    0x06ae                  _RPINR23 = 0x6ae
                    0x06ae                  _RPINR23bits = 0x6ae
                    0x06c0                  RPOR0 = 0x6c0
                    0x06c0                  _RPOR0 = 0x6c0
                    0x06c0                  _RPOR0bits = 0x6c0
                    0x06c2                  RPOR1 = 0x6c2
                    0x06c2                  _RPOR1 = 0x6c2
                    0x06c2                  _RPOR1bits = 0x6c2
                    0x06c4                  RPOR2 = 0x6c4
                    0x06c4                  _RPOR2 = 0x6c4
                    0x06c4                  _RPOR2bits = 0x6c4
                    0x06c6                  RPOR3 = 0x6c6
                    0x06c6                  _RPOR3 = 0x6c6
                    0x06c6                  _RPOR3bits = 0x6c6
                    0x06c8                  RPOR4 = 0x6c8
                    0x06c8                  _RPOR4 = 0x6c8
                    0x06c8                  _RPOR4bits = 0x6c8
                    0x06ca                  RPOR5 = 0x6ca
                    0x06ca                  _RPOR5 = 0x6ca
                    0x06ca                  _RPOR5bits = 0x6ca
                    0x06cc                  RPOR6 = 0x6cc
                    0x06cc                  _RPOR6 = 0x6cc
                    0x06cc                  _RPOR6bits = 0x6cc
                    0x06ce                  RPOR7 = 0x6ce
                    0x06ce                  _RPOR7 = 0x6ce
                    0x06ce                  _RPOR7bits = 0x6ce
                    0x0740                  RCON = 0x740
                    0x0740                  _RCON = 0x740
                    0x0740                  _RCONbits = 0x740
                    0x0742                  OSCCON = 0x742
                    0x0742                  _OSCCON = 0x742
                    0x0742                  _OSCCONbits = 0x742
                    0x0742                  OSCCONL = 0x742
                    0x0742                  _OSCCONL = 0x742
                    0x0743                  OSCCONH = 0x743
                    0x0743                  _OSCCONH = 0x743
                    0x0744                  CLKDIV = 0x744
                    0x0744                  _CLKDIV = 0x744
                    0x0744                  _CLKDIVbits = 0x744
                    0x0748                  OSCTUN = 0x748
                    0x0748                  _OSCTUN = 0x748
                    0x0748                  _OSCTUNbits = 0x748
                    0x0760                  NVMCON = 0x760
                    0x0760                  _NVMCON = 0x760
                    0x0760                  _NVMCONbits = 0x760
                    0x0766                  NVMKEY = 0x766
                    0x0766                  _NVMKEY = 0x766
                    0x0770                  PMD1 = 0x770
                    0x0770                  _PMD1 = 0x770
                    0x0770                  _PMD1bits = 0x770
                    0x0772                  PMD2 = 0x772
                    0x0772                  _PMD2 = 0x772
                    0x0772                  _PMD2bits = 0x772
                    0x0774                  PMD3 = 0x774
                    0x0774                  _PMD3 = 0x774
                    0x0774                  _PMD3bits = 0x774
                    0x0140                  IC1 = 0x140
                    0x0140                  _IC1 = 0x140
                    0x0144                  IC2 = 0x144
                    0x0144                  _IC2 = 0x144
                    0x0148                  IC3 = 0x148
                    0x0148                  _IC3 = 0x148
                    0x014c                  IC4 = 0x14c
                    0x014c                  _IC4 = 0x14c
                    0x0150                  IC5 = 0x150
                    0x0150                  _IC5 = 0x150
                    0x0180                  OC1 = 0x180
                    0x0180                  _OC1 = 0x180
                    0x0186                  OC2 = 0x186
                    0x0186                  _OC2 = 0x186
                    0x018c                  OC3 = 0x18c
                    0x018c                  _OC3 = 0x18c
                    0x0192                  OC4 = 0x192
                    0x0192                  _OC4 = 0x192
                    0x0198                  OC5 = 0x198
                    0x0198                  _OC5 = 0x198
                    0x0240                  SPI1 = 0x240
                    0x0240                  _SPI1 = 0x240
                    0x0260                  SPI2 = 0x260
                    0x0260                  _SPI2 = 0x260
                    0x0220                  UART1 = 0x220
                    0x0220                  _UART1 = 0x220
                    0x0230                  UART2 = 0x230
                    0x0230                  _UART2 = 0x230
START GROUP
LOAD c:/program files/microchip/xc16/v2.10/bin/bin/../../lib\libc99-pic30-elf.a
LOAD c:/program files/microchip/xc16/v2.10/bin/bin/../../lib\libm-elf.a
LOAD c:/program files/microchip/xc16/v2.10/bin/bin/../../lib\libc99-elf.a
END GROUP
OUTPUT(dist/default/production/JAHM144LPP25.X.production.elf elf32-pic30)
LOAD jump_table
LOAD default_isr
LOAD data_init

.debug_pubtypes
                  0x000500        0x471
 .debug_pubtypes
                  0x000500        0x120 build/default/production/BNO085.o
 .debug_pubtypes
                  0x000620         0x1e build/default/production/queue.o
 .debug_pubtypes
                  0x00063e        0x11f build/default/production/I2CLib.o
 .debug_pubtypes
                  0x00075d         0xbd build/default/production/core.o
 .debug_pubtypes
                  0x00081a         0x67 build/default/production/lcd.o
 .debug_pubtypes
                  0x000881         0xa9 build/default/production/PixelData.o
 .debug_pubtypes
                  0x00092a         0x29 build/default/production/PositionCalculator.o
 .debug_pubtypes
                  0x000953         0x1e build/default/production/LED_144_Lib.o

__c30_signature
                  0x000971        0x174
 __c30_signature
                  0x000971          0x6 build/default/production/BNO085.o
 __c30_signature
                  0x000977          0x6 build/default/production/queue.o
 __c30_signature
                  0x00097d          0x6 build/default/production/I2CLib.o
 __c30_signature
                  0x000983          0x6 build/default/production/core.o
 __c30_signature
                  0x000989          0x6 build/default/production/lcd.o
 __c30_signature
                  0x00098f          0x6 build/default/production/PixelData.o
 __c30_signature
                  0x000995          0x6 build/default/production/PositionCalculator.o
 __c30_signature
                  0x00099b          0x6 build/default/production/LED_144_Lib.o
 __c30_signature
                  0x0009a1          0x6 c:/program files/microchip/xc16/v2.10/bin/bin/../../lib\libc99-pic30-elf.a(crt0_standard.o)
 __c30_signature
                  0x0009a7          0x6 c:/program files/microchip/xc16/v2.10/bin/bin/../../lib\libc99-pic30-elf.a(data_init_standard.o)
 __c30_signature
                  0x0009ad          0x6 c:/program files/microchip/xc16/v2.10/bin/bin/../../lib\libc99-pic30-elf.a(feqltle.XX_o)
 __c30_signature
                  0x0009b3          0x6 c:/program files/microchip/xc16/v2.10/bin/bin/../../lib\libc99-pic30-elf.a(fgtge.XX_o)
 __c30_signature
                  0x0009b9          0x6 c:/program files/microchip/xc16/v2.10/bin/bin/../../lib\libc99-pic30-elf.a(fixunssfsi.XX_o)
 __c30_signature
                  0x0009bf          0x6 c:/program files/microchip/xc16/v2.10/bin/bin/../../lib\libc99-pic30-elf.a(floatsisf.XX_o)
 __c30_signature
                  0x0009c5          0x6 c:/program files/microchip/xc16/v2.10/bin/bin/../../lib\libc99-pic30-elf.a(floatunsisf.XX_o)
 __c30_signature
                  0x0009cb          0x6 c:/program files/microchip/xc16/v2.10/bin/bin/../../lib\libc99-pic30-elf.a(funpack.XX_o)
 __c30_signature
                  0x0009d1          0x6 c:/program files/microchip/xc16/v2.10/bin/bin/../../lib\libc99-pic30-elf.a(errno.XX_o)
 __c30_signature
                  0x0009d7          0x6 c:/program files/microchip/xc16/v2.10/bin/bin/../../lib\libc99-pic30-elf.a(fcompare.XX_o)
 __c30_signature
                  0x0009dd          0x6 c:/program files/microchip/xc16/v2.10/bin/bin/../../lib\libc99-pic30-elf.a(floatdisf.XX_o)
 __c30_signature
                  0x0009e3          0x6 c:/program files/microchip/xc16/v2.10/bin/bin/../../lib\libc99-pic30-elf.a(floatundisf.XX_o)
 __c30_signature
                  0x0009e9          0x6 c:/program files/microchip/xc16/v2.10/bin/bin/../../lib\libc99-pic30-elf.a(fpack.XX_o)
 __c30_signature
                  0x0009ef          0x6 c:/program files/microchip/xc16/v2.10/bin/bin/../../lib\libc99-pic30-elf.a(funpack2.XX_o)
 __c30_signature
                  0x0009f5          0x6 c:/program files/microchip/xc16/v2.10/bin/bin/../../lib\libc99-elf.a(__sio_sprintf_dfoux.XX_o)
 __c30_signature
                  0x0009fb          0x6 c:/program files/microchip/xc16/v2.10/bin/bin/../../lib\libc99-elf.a(rand.XX_o)
 __c30_signature
                  0x000a01          0x6 c:/program files/microchip/xc16/v2.10/bin/bin/../../lib\libc99-elf.a(__fmt_d.XX_o)
 __c30_signature
                  0x000a07          0x6 c:/program files/microchip/xc16/v2.10/bin/bin/../../lib\libc99-elf.a(__fmt_fp.XX_o)
 __c30_signature
                  0x000a0d          0x6 c:/program files/microchip/xc16/v2.10/bin/bin/../../lib\libc99-elf.a(__fmt_o.XX_o)
 __c30_signature
                  0x000a13          0x6 c:/program files/microchip/xc16/v2.10/bin/bin/../../lib\libc99-elf.a(__fmt_s.XX_o)
 __c30_signature
                  0x000a19          0x6 c:/program files/microchip/xc16/v2.10/bin/bin/../../lib\libc99-elf.a(__fmt_u.XX_o)
 __c30_signature
                  0x000a1f          0x6 c:/program files/microchip/xc16/v2.10/bin/bin/../../lib\libc99-elf.a(__fmt_x.XX_o)
 __c30_signature
                  0x000a25          0x6 c:/program files/microchip/xc16/v2.10/bin/bin/../../lib\libc99-elf.a(__int_vsprintf.XX_o)
 __c30_signature
                  0x000a2b          0x6 c:/program files/microchip/xc16/v2.10/bin/bin/../../lib\libc99-elf.a(__pop_float.XX_o)
 __c30_signature
                  0x000a31          0x6 c:/program files/microchip/xc16/v2.10/bin/bin/../../lib\libc99-elf.a(__pop_int.XX_o)
 __c30_signature
                  0x000a37          0x6 c:/program files/microchip/xc16/v2.10/bin/bin/../../lib\libc99-elf.a(__pop_ptr.XX_o)
 __c30_signature
                  0x000a3d          0x6 c:/program files/microchip/xc16/v2.10/bin/bin/../../lib\libc99-elf.a(__printf_core.XX_o)
 __c30_signature
                  0x000a43          0x6 c:/program files/microchip/xc16/v2.10/bin/bin/../../lib\libc99-elf.a(atoi.XX_o)
 __c30_signature
                  0x000a49          0x6 c:/program files/microchip/xc16/v2.10/bin/bin/../../lib\libc99-elf.a(memcpy.XX_o)
 __c30_signature
                  0x000a4f          0x6 c:/program files/microchip/xc16/v2.10/bin/bin/../../lib\libc99-elf.a(memset.XX_o)
 __c30_signature
                  0x000a55          0x6 c:/program files/microchip/xc16/v2.10/bin/bin/../../lib\libc99-elf.a(strcpy.XX_o)
 __c30_signature
                  0x000a5b          0x6 c:/program files/microchip/xc16/v2.10/bin/bin/../../lib\libc99-elf.a(strlen.XX_o)
 __c30_signature
                  0x000a61          0x6 c:/program files/microchip/xc16/v2.10/bin/bin/../../lib\libc99-elf.a(tolower.XX_o)
 __c30_signature
                  0x000a67          0x6 c:/program files/microchip/xc16/v2.10/bin/bin/../../lib\libc99-elf.a(toupper.XX_o)
 __c30_signature
                  0x000a6d          0x6 c:/program files/microchip/xc16/v2.10/bin/bin/../../lib\libc99-elf.a(__errno_location.XX_o)
 __c30_signature
                  0x000a73          0x6 c:/program files/microchip/xc16/v2.10/bin/bin/../../lib\libc99-elf.a(__int_vsnprintf.XX_o)
 __c30_signature
                  0x000a79          0x6 c:/program files/microchip/xc16/v2.10/bin/bin/../../lib\libc99-elf.a(stpcpy.XX_o)
 __c30_signature
                  0x000a7f          0x6 c:/program files/microchip/xc16/v2.10/bin/bin/../../lib\libc99-elf.a(__int_vfprintf.XX_o)
 __c30_signature
                  0x000a85          0x6 c:/program files/microchip/xc16/v2.10/bin/bin/../../lib\libc99-pic30-elf.a(deqltle.XX_o)
 __c30_signature
                  0x000a8b          0x6 c:/program files/microchip/xc16/v2.10/bin/bin/../../lib\libc99-pic30-elf.a(dgtge.XX_o)
 __c30_signature
                  0x000a91          0x6 c:/program files/microchip/xc16/v2.10/bin/bin/../../lib\libc99-pic30-elf.a(extendsfdf.XX_o)
 __c30_signature
                  0x000a97          0x6 c:/program files/microchip/xc16/v2.10/bin/bin/../../lib\libc99-pic30-elf.a(fixdfsi.XX_o)
 __c30_signature
                  0x000a9d          0x6 c:/program files/microchip/xc16/v2.10/bin/bin/../../lib\libc99-pic30-elf.a(mulsi3.XX_o)
 __c30_signature
                  0x000aa3          0x6 c:/program files/microchip/xc16/v2.10/bin/bin/../../lib\libc99-pic30-elf.a(dpadd.XX_o)
 __c30_signature
                  0x000aa9          0x6 c:/program files/microchip/xc16/v2.10/bin/bin/../../lib\libc99-pic30-elf.a(dpdiv.XX_o)
 __c30_signature
                  0x000aaf          0x6 c:/program files/microchip/xc16/v2.10/bin/bin/../../lib\libc99-pic30-elf.a(dpmul.XX_o)
 __c30_signature
                  0x000ab5          0x6 c:/program files/microchip/xc16/v2.10/bin/bin/../../lib\libc99-pic30-elf.a(dpsubs.XX_o)
 __c30_signature
                  0x000abb          0x6 c:/program files/microchip/xc16/v2.10/bin/bin/../../lib\libc99-pic30-elf.a(divmoddi3.XX_o)
 __c30_signature
                  0x000ac1          0x6 c:/program files/microchip/xc16/v2.10/bin/bin/../../lib\libc99-pic30-elf.a(dcompare.XX_o)
 __c30_signature
                  0x000ac7          0x6 c:/program files/microchip/xc16/v2.10/bin/bin/../../lib\libc99-pic30-elf.a(dtype.XX_o)
 __c30_signature
                  0x000acd          0x6 c:/program files/microchip/xc16/v2.10/bin/bin/../../lib\libc99-pic30-elf.a(dunpack.XX_o)
 __c30_signature
                  0x000ad3          0x6 c:/program files/microchip/xc16/v2.10/bin/bin/../../lib\libc99-pic30-elf.a(dunpack2.XX_o)
 __c30_signature
                  0x000ad9          0x6 c:/program files/microchip/xc16/v2.10/bin/bin/../../lib\libc99-pic30-elf.a(dpropagateNaN.XX_o)
 __c30_signature
                  0x000adf          0x6 c:/program files/microchip/xc16/v2.10/bin/bin/../../lib\libm-elf.a(floorl.XX_o)

.nbss               0x0800         0x12
 .nbss              0x0800          0xa build/default/production/BNO085.o
                    0x0800                  _numBytes
                    0x0802                  _lastTransferSize
                    0x0804                  _send_sequence
                    0x0805                  _waiting
                    0x0806                  _overflow
                    0x0808                  _resetStatus
 .nbss              0x080a          0x8 build/default/production/I2CLib.o
                    0x080a                  _curDataIndex
                    0x080c                  _initialized
                    0x080d                  _I2CInterruptQueued
                    0x080e                  _stage
                    0x0810                  _numEvents

.ndata              0x0812          0x4
 .ndata             0x0812          0x4 build/default/production/BNO085.o
                    0x0812                  _bnoControlChannel
                    0x0813                  _bnoInputChannel
                    0x0814                  _bnoDeviceChannel

.nbss               0x0816          0x2
 .nbss              0x0816          0x2 build/default/production/queue.o
                    0x0816                  _queue_size
                    0x0817                  _nextOpenIndex

.ndata              0x0818          0x4
 .ndata             0x0818          0x2 build/default/production/queue.o
                    0x0818                  _lastDequeuedIndex
 .ndata             0x081a          0x2 build/default/production/I2CLib.o
                    0x081a                  _activeTransmissionIndex
                    0x081b                  _I2CInterruptEnabled

.nbss               0x081c          0x2
 .nbss              0x081c          0x2 c:/program files/microchip/xc16/v2.10/bin/bin/../../lib\libc99-pic30-elf.a(errno.XX_o)
                    0x081c                  _errno

.bss                0x081e       0x1b32
 .bss               0x081e        0xdce build/default/production/I2CLib.o
                    0x081e                  _transmission_pool
                    0x152e                  _transmission_used
                    0x1544                  _activeTransmission
                    0x15dc                  _eventAddresses
                    0x15e8                  _i2cAddresses
 .bss               0x15ec        0xb40 build/default/production/PixelData.o
                    0x15ec                  _leds
 .bss               0x212c        0x224 build/default/production/BNO085.o
                    0x212c                  _buffer
                    0x232c                  _gravityVector
                    0x233e                  _accVector

.data               0x2350         0x1e
 .data              0x2350         0x1e c:/program files/microchip/xc16/v2.10/bin/bin/../../lib\libc99-elf.a(__printf_core.XX_o)

.bss                0x236e         0x26
 .bss               0x236e         0x14 build/default/production/queue.o
                    0x236e                  _queue
 .bss               0x2382         0x12 build/default/production/core.o
                    0x2382                  _vector

.data               0x2394         0x10
 .data              0x2394         0x10 c:/program files/microchip/xc16/v2.10/bin/bin/../../lib\libc99-elf.a(__fmt_fp.XX_o)

.bss                0x23a4          0x6
 .bss               0x23a4          0x4 c:/program files/microchip/xc16/v2.10/bin/bin/../../lib\libc99-elf.a(rand.XX_o)
 .bss               0x23a8          0x2 c:/program files/microchip/xc16/v2.10/bin/bin/../../lib\libc99-elf.a(__errno_location.XX_o)
                    0x23a8                  ___errno_val

.ivt._T1Interrupt
                  0x00001a          0x2
 .ivt._T1Interrupt
                  0x00001a          0x2 build/default/production/BNO085.o

.ivt._INT0Interrupt
                  0x000014          0x2
 .ivt._INT0Interrupt
                  0x000014          0x2 build/default/production/BNO085.o

.ivt._MI2C1Interrupt
                  0x000036          0x2
 .ivt._MI2C1Interrupt
                  0x000036          0x2 build/default/production/I2CLib.o

.config_JTAGEN    0x00abfe          0x2
 .config_JTAGEN
                  0x00abfe          0x2 build/default/production/core.o

.config_IESO      0x00abfc          0x2
 .config_IESO     0x00abfc          0x2 build/default/production/core.o

.ivt._T2Interrupt
                  0x000022          0x2
 .ivt._T2Interrupt
                  0x000022          0x2 build/default/production/PixelData.o

.const              0xa70a         0x64 load address 0x00270a  
 .const             0xa70a         0x36 build/default/production/BNO085.o
 .const             0xa740         0x1e build/default/production/core.o
 .const             0xa75e         0x10 build/default/production/lcd.o

.text             0x00276e       0x1e24
 .text            0x00276e        0xb7a build/default/production/BNO085.o
                  0x00276e                  _request_data
                  0x002794                  _bno085_init
                  0x0027ea                  _enable_gravity_vector
                  0x002852                  _enable_accelerometer
                  0x0028ba                  _enable_linear_acceleration
                  0x002922                  _enable_rotation_vector
                  0x00298a                  _strncmp
                  0x0029d2                  _findSH2App
                  0x002a34                  _readNextChannel
                  0x002ade                  _readAdvertisement
                  0x002b7c                  _readReport
                  0x003198                  _processMessage
                  0x00320a                  _getGravityVector
                  0x003248                  _getAccVector
                  0x003286                  _receive_byte
 .text            0x0032e8        0x4d8 build/default/production/PixelData.o
                  0x0032e8                  _init_pixels